Archive member included to satisfy reference by file (symbol)

app/libapp.a(main.c.obj)      (--whole-archive)
zephyr/libzephyr.a(cbprintf_packaged.c.obj)
                              (--whole-archive)
zephyr/libzephyr.a(dec.c.obj)
                              (--whole-archive)
zephyr/libzephyr.a(fdtable.c.obj)
                              (--whole-archive)
zephyr/libzephyr.a(hex.c.obj)
                              (--whole-archive)
zephyr/libzephyr.a(printk.c.obj)
                              (--whole-archive)
zephyr/libzephyr.a(rb.c.obj)  (--whole-archive)
zephyr/libzephyr.a(sem.c.obj)
                              (--whole-archive)
zephyr/libzephyr.a(thread_entry.c.obj)
                              (--whole-archive)
zephyr/libzephyr.a(timeutil.c.obj)
                              (--whole-archive)
zephyr/libzephyr.a(heap.c.obj)
                              (--whole-archive)
zephyr/libzephyr.a(heap-validate.c.obj)
                              (--whole-archive)
zephyr/libzephyr.a(bitarray.c.obj)
                              (--whole-archive)
zephyr/libzephyr.a(multi_heap.c.obj)
                              (--whole-archive)
zephyr/libzephyr.a(onoff.c.obj)
                              (--whole-archive)
zephyr/libzephyr.a(notify.c.obj)
                              (--whole-archive)
zephyr/libzephyr.a(crc32c_sw.c.obj)
                              (--whole-archive)
zephyr/libzephyr.a(crc32_sw.c.obj)
                              (--whole-archive)
zephyr/libzephyr.a(crc16_sw.c.obj)
                              (--whole-archive)
zephyr/libzephyr.a(crc8_sw.c.obj)
                              (--whole-archive)
zephyr/libzephyr.a(crc7_sw.c.obj)
                              (--whole-archive)
zephyr/libzephyr.a(cbprintf_complete.c.obj)
                              (--whole-archive)
zephyr/libzephyr.a(cbprintf.c.obj)
                              (--whole-archive)
zephyr/libzephyr.a(assert.c.obj)
                              (--whole-archive)
zephyr/libzephyr.a(reboot.c.obj)
                              (--whole-archive)
zephyr/libzephyr.a(configs.c.obj)
                              (--whole-archive)
zephyr/libzephyr.a(soc.c.obj)
                              (--whole-archive)
zephyr/libzephyr.a(power.c.obj)
                              (--whole-archive)
zephyr/libzephyr.a(soc_nrf_common.S.obj)
                              (--whole-archive)
zephyr/libzephyr.a(soc_secure.c.obj)
                              (--whole-archive)
zephyr/libzephyr.a(validate_base_addresses.c.obj)
                              (--whole-archive)
zephyr/libzephyr.a(validate_enabled_instances.c.obj)
                              (--whole-archive)
zephyr/libzephyr.a(pm.c.obj)  (--whole-archive)
zephyr/libzephyr.a(policy.c.obj)
                              (--whole-archive)
zephyr/libzephyr.a(state.c.obj)
                              (--whole-archive)
zephyr/libzephyr.a(tracing_none.c.obj)
                              (--whole-archive)
zephyr/libzephyr.a(flash_map_partition_manager.c.obj)
                              (--whole-archive)
zephyr/arch/common/libarch__common.a(sw_isr_common.c.obj)
                              (--whole-archive)
zephyr/arch/arch/arm/core/aarch32/libarch__arm__core__aarch32.a(cpu_idle.S.obj)
                              (--whole-archive)
zephyr/arch/arch/arm/core/aarch32/libarch__arm__core__aarch32.a(fatal.c.obj)
                              (--whole-archive)
zephyr/arch/arch/arm/core/aarch32/libarch__arm__core__aarch32.a(irq_manage.c.obj)
                              (--whole-archive)
zephyr/arch/arch/arm/core/aarch32/libarch__arm__core__aarch32.a(nmi.c.obj)
                              (--whole-archive)
zephyr/arch/arch/arm/core/aarch32/libarch__arm__core__aarch32.a(nmi_on_reset.S.obj)
                              (--whole-archive)
zephyr/arch/arch/arm/core/aarch32/libarch__arm__core__aarch32.a(prep_c.c.obj)
                              (--whole-archive)
zephyr/arch/arch/arm/core/aarch32/libarch__arm__core__aarch32.a(swap.c.obj)
                              (--whole-archive)
zephyr/arch/arch/arm/core/aarch32/libarch__arm__core__aarch32.a(swap_helper.S.obj)
                              (--whole-archive)
zephyr/arch/arch/arm/core/aarch32/libarch__arm__core__aarch32.a(thread.c.obj)
                              (--whole-archive)
zephyr/arch/arch/arm/core/aarch32/libarch__arm__core__aarch32.a(isr_wrapper.S.obj)
                              (--whole-archive)
zephyr/arch/arch/arm/core/aarch32/cortex_m/libarch__arm__core__aarch32__cortex_m.a(exc_exit.S.obj)
                              (--whole-archive)
zephyr/arch/arch/arm/core/aarch32/cortex_m/libarch__arm__core__aarch32__cortex_m.a(fault.c.obj)
                              (--whole-archive)
zephyr/arch/arch/arm/core/aarch32/cortex_m/libarch__arm__core__aarch32__cortex_m.a(fault_s.S.obj)
                              (--whole-archive)
zephyr/arch/arch/arm/core/aarch32/cortex_m/libarch__arm__core__aarch32__cortex_m.a(fpu.c.obj)
[...]
Memory Configuration

Name             Origin             Length             Attributes
FLASH            0x0000000000008000 0x00000000000f8000 xr
RAM              0x000000002000c568 0x0000000000033a98 xw
IDT_LIST         0x00000000fffff7ff 0x0000000000000800 xw
*default*        0x0000000000000000 0xffffffffffffffff

Linker script and memory map

LOAD zephyr/CMakeFiles/zephyr_pre1.dir/misc/empty_file.c.obj
LOAD zephyr/CMakeFiles/zephyr_pre1.dir/dev_handles.c.obj
LOAD zephyr/CMakeFiles/offsets.dir/./arch/arm/core/offsets/offsets.c.obj
LOAD tfm/secure_fw/s_veneers.o
                0x0000000000000020                _region_min_align = 0x20

.rel.plt        0x0000000000008000        0x0
 *(SORT_BY_ALIGNMENT(.rel.plt))
                [!provide]                        PROVIDE (__rel_iplt_start = .)
 *(SORT_BY_ALIGNMENT(.rel.iplt))
 .rel.iplt      0x0000000000008000        0x0 app/libapp.a(main.c.obj)
                [!provide]                        PROVIDE (__rel_iplt_end = .)

.rela.plt       0x0000000000000000        0x0
 *(SORT_BY_ALIGNMENT(.rela.plt))
                [!provide]                        PROVIDE (__rela_iplt_start = .)
 *(SORT_BY_ALIGNMENT(.rela.iplt))
                [!provide]                        PROVIDE (__rela_iplt_end = .)

.rel.dyn
 *(SORT_BY_ALIGNMENT(.rel.*))

.rela.dyn
 *(SORT_BY_ALIGNMENT(.rela.*))

/DISCARD/
 *(SORT_BY_ALIGNMENT(.plt))

/DISCARD/
 *(SORT_BY_ALIGNMENT(.iplt))
                0x0000000000008000                __rom_region_start = 0x8000

rom_start       0x0000000000008000      0x144
                0x0000000000000000                . = 0x0
                0x0000000000000000                . = ALIGN (0x4)
                0x0000000000000000                . = ALIGN (0x80)
                0x0000000000000000                . = ALIGN (0x200)
                0x0000000000008000                _vector_start = .
 *(SORT_BY_ALIGNMENT(.exc_vector_table))
 *(SORT_BY_ALIGNMENT(.exc_vector_table.*))
 .exc_vector_table._vector_table_section
                0x0000000000008000       0x40 zephyr/arch/arch/arm/core/aarch32/cortex_m/libarch__arm__core__aarch32__cortex_m.a(vector_table.S.obj)
                0x0000000000008000                _vector_table
 *(SORT_BY_ALIGNMENT(.vectors))
                0x0000000000008144                _vector_end = .
                0x0000000000008040                . = ALIGN (0x4)
 *(SORT_BY_ALIGNMENT(.gnu.linkonce.irq_vector_table*))
 .gnu.linkonce.irq_vector_table
                0x0000000000008040      0x104 zephyr/arch/common/libisr_tables.a(isr_tables.c.obj)
                0x0000000000008040                _irq_vector_table
                0x0000000000008144                _vector_end = .

text            0x0000000000008144     0x7954
                0x0000000000008144                __text_region_start = .
 *(SORT_BY_ALIGNMENT(.text))
 .text          0x0000000000008144       0x30 /Users/kafechew/zephyr-sdk-0.16.0/arm-zephyr-eabi/bin/../lib/gcc/arm-zephyr-eabi/12.2.0/thumb/v8-m.main/nofp/libgcc.a(_aeabi_uldivmod.o)
                0x0000000000008144                __aeabi_uldivmod
 .text          0x0000000000008174        0x4 /Users/kafechew/zephyr-sdk-0.16.0/arm-zephyr-eabi/bin/../lib/gcc/arm-zephyr-eabi/12.2.0/thumb/v8-m.main/nofp/libgcc.a(_dvmd_tls.o)
                0x0000000000008174                __aeabi_ldiv0
                0x0000000000008174                __aeabi_idiv0
 .text          0x0000000000008178      0x29c /Users/kafechew/zephyr-sdk-0.16.0/arm-zephyr-eabi/bin/../lib/gcc/arm-zephyr-eabi/12.2.0/thumb/v8-m.main/nofp/libgcc.a(_udivmoddi4.o)
                0x0000000000008178                __udivmoddi4
 .text          0x0000000000008414       0x10 /Users/kafechew/zephyr-sdk-0.16.0/arm-zephyr-eabi/arm-zephyr-eabi/lib/thumb/v8-m.main/nofp/libc_nano.a(lib_a-strlen.o)
                0x0000000000008414                strlen
 *(SORT_BY_ALIGNMENT(.text.*))
 .text.uart_cb  0x0000000000008424       0x64 app/libapp.a(main.c.obj)
 .text.main     0x0000000000008488       0xbc app/libapp.a(main.c.obj)
                0x0000000000008488                main
 .text.char_out
                0x0000000000008544        0xc zephyr/libzephyr.a(printk.c.obj)
 .text.__printk_hook_install
                0x0000000000008550        0xc zephyr/libzephyr.a(printk.c.obj)
                0x0000000000008550                __printk_hook_install
 .text.vprintk  0x000000000000855c       0x1c zephyr/libzephyr.a(printk.c.obj)
                0x000000000000855c                vprintk
 .text.process_event
                0x0000000000008578      0x21c zephyr/libzephyr.a(onoff.c.obj)
 .text.extract_decimal
                0x0000000000008794       0x2c zephyr/libzephyr.a(cbprintf_complete.c.obj)
 .text.encode_uint
                0x00000000000087c0       0x98 zephyr/libzephyr.a(cbprintf_complete.c.obj)
 .text.z_cbvprintf_impl
                0x0000000000008858      0x754 zephyr/libzephyr.a(cbprintf_complete.c.obj)
                0x0000000000008858                z_cbvprintf_impl
 .text.nordicsemi_nrf91_init
                0x0000000000008fac       0x28 zephyr/libzephyr.a(soc.c.obj)
 .text.arch_busy_wait
                0x0000000000008fd4       0x14 zephyr/libzephyr.a(soc.c.obj)
                0x0000000000008fd4                arch_busy_wait
 .text.z_arm_platform_init
                0x0000000000008fe8        0x4 zephyr/libzephyr.a(soc_nrf_common.S.obj)
                0x0000000000008fe8                z_arm_platform_init
 .text.pm_state_notify
                0x0000000000008fec       0x5c zephyr/libzephyr.a(pm.c.obj)
 .text.pm_system_resume
                0x0000000000009048       0x70 zephyr/libzephyr.a(pm.c.obj)
                0x0000000000009048                pm_system_resume
 .text.pm_system_suspend
                0x00000000000090b8       0xec zephyr/libzephyr.a(pm.c.obj)
                0x00000000000090b8                pm_system_suspend
 .text.pm_policy_next_state
                0x00000000000091a4       0x94 zephyr/libzephyr.a(policy.c.obj)
                0x00000000000091a4                pm_policy_next_state
 .text.pm_state_cpu_get_all
                0x0000000000009238       0x10 zephyr/libzephyr.a(state.c.obj)
                0x0000000000009238                pm_state_cpu_get_all
 .text.z_arm_cpu_idle_init
                0x0000000000009248        0xc zephyr/arch/arch/arm/core/aarch32/libarch__arm__core__aarch32.a(cpu_idle.S.obj)
                0x0000000000009248                z_arm_cpu_idle_init
 .text.arch_cpu_idle
                0x0000000000009254       0x1c zephyr/arch/arch/arm/core/aarch32/libarch__arm__core__aarch32.a(cpu_idle.S.obj)
                0x0000000000009254                arch_cpu_idle
 .text.arch_cpu_atomic_idle
                0x0000000000009270       0x18 zephyr/arch/arch/arm/core/aarch32/libarch__arm__core__aarch32.a(cpu_idle.S.obj)
                0x0000000000009270                arch_cpu_atomic_idle
 .text.arch_irq_enable
                0x0000000000009288       0x1c zephyr/arch/arch/arm/core/aarch32/libarch__arm__core__aarch32.a(irq_manage.c.obj)
                0x0000000000009288                arch_irq_enable
 .text.arch_irq_is_enabled
                0x00000000000092a4       0x1c zephyr/arch/arch/arm/core/aarch32/libarch__arm__core__aarch32.a(irq_manage.c.obj)
                0x00000000000092a4                arch_irq_is_enabled
 .text.z_arm_irq_priority_set
                0x00000000000092c0       0x2c zephyr/arch/arch/arm/core/aarch32/libarch__arm__core__aarch32.a(irq_manage.c.obj)
                0x00000000000092c0                z_arm_irq_priority_set
 .text.z_SysNmiOnReset
                0x00000000000092ec        0x8 zephyr/arch/arch/arm/core/aarch32/libarch__arm__core__aarch32.a(nmi_on_reset.S.obj)
                0x00000000000092ec                z_SysNmiOnReset
 .text.z_arm_prep_c
                0x00000000000092f4       0x38 zephyr/arch/arch/arm/core/aarch32/libarch__arm__core__aarch32.a(prep_c.c.obj)
                0x00000000000092f4                z_arm_prep_c
 .text.arch_swap
                0x000000000000932c       0x34 zephyr/arch/arch/arm/core/aarch32/libarch__arm__core__aarch32.a(swap.c.obj)
                0x000000000000932c                arch_swap
 .text.z_arm_pendsv
                0x0000000000009360       0x60 zephyr/arch/arch/arm/core/aarch32/libarch__arm__core__aarch32.a(swap_helper.S.obj)
                0x0000000000009360                z_arm_pendsv
 .text.z_arm_svc
                0x00000000000093c0       0x20 zephyr/arch/arch/arm/core/aarch32/libarch__arm__core__aarch32.a(swap_helper.S.obj)
                0x00000000000093c0                z_arm_svc
 .text.arch_new_thread
                0x00000000000093e0       0x3c zephyr/arch/arch/arm/core/aarch32/libarch__arm__core__aarch32.a(thread.c.obj)
                0x00000000000093e0                arch_new_thread
 .text.arch_switch_to_main_thread
                0x000000000000941c       0x28 zephyr/arch/arch/arm/core/aarch32/libarch__arm__core__aarch32.a(thread.c.obj)
                0x000000000000941c                arch_switch_to_main_thread
 .text._isr_wrapper
                0x0000000000009444       0x40 zephyr/arch/arch/arm/core/aarch32/libarch__arm__core__aarch32.a(isr_wrapper.S.obj)
                0x0000000000009444                _isr_wrapper
 .text._HandlerModeExit
                0x0000000000009484       0x1c zephyr/arch/arch/arm/core/aarch32/cortex_m/libarch__arm__core__aarch32__cortex_m.a(exc_exit.S.obj)
                0x0000000000009484                z_arm_exc_exit
                0x0000000000009484                z_arm_int_exit
 .text.usage_fault.constprop.0
                0x00000000000094a0       0x5c zephyr/arch/arch/arm/core/aarch32/cortex_m/libarch__arm__core__aarch32__cortex_m.a(fault.c.obj)
 .text.bus_fault.constprop.0
                0x00000000000094fc       0x6c zephyr/arch/arch/arm/core/aarch32/cortex_m/libarch__arm__core__aarch32__cortex_m.a(fault.c.obj)
 .text.mem_manage_fault.constprop.0
                0x0000000000009568       0x78 zephyr/arch/arch/arm/core/aarch32/cortex_m/libarch__arm__core__aarch32__cortex_m.a(fault.c.obj)
 .text.z_arm_fault
                0x00000000000095e0      0x130 zephyr/arch/arch/arm/core/aarch32/cortex_m/libarch__arm__core__aarch32__cortex_m.a(fault.c.obj)
                0x00000000000095e0                z_arm_fault
 .text.z_arm_fault_init
                0x0000000000009710       0x18 zephyr/arch/arch/arm/core/aarch32/cortex_m/libarch__arm__core__aarch32__cortex_m.a(fault.c.obj)
                0x0000000000009710                z_arm_fault_init
 .text.__fault  0x0000000000009728       0x14 zephyr/arch/arch/arm/core/aarch32/cortex_m/libarch__arm__core__aarch32__cortex_m.a(fault_s.S.obj)
                0x0000000000009728                z_arm_bus_fault
                0x0000000000009728                z_arm_usage_fault
                0x0000000000009728                z_arm_mpu_fault
                0x0000000000009728                z_arm_exc_spurious
                0x0000000000009728                z_arm_debug_monitor
                0x0000000000009728                z_arm_hard_fault
 .text.z_arm_interrupt_init
                0x000000000000973c       0x18 zephyr/arch/arch/arm/core/aarch32/cortex_m/libarch__arm__core__aarch32__cortex_m.a(irq_init.c.obj)
                0x000000000000973c                z_arm_interrupt_init
 .text._reset_section
                0x0000000000009754       0x60 zephyr/arch/arch/arm/core/aarch32/cortex_m/libarch__arm__core__aarch32__cortex_m.a(reset.S.obj)
                0x0000000000009754                z_arm_reset
                0x0000000000009754                __start
 .text.sys_arch_reboot
                0x00000000000097b4       0x24 zephyr/arch/arch/arm/core/aarch32/cortex_m/libarch__arm__core__aarch32__cortex_m.a(scb.c.obj)
                0x00000000000097b4                sys_arch_reboot
 .text.z_arm_clear_arm_mpu_config
                0x00000000000097d8       0x24 zephyr/arch/arch/arm/core/aarch32/cortex_m/libarch__arm__core__aarch32__cortex_m.a(scb.c.obj)
                0x00000000000097d8                z_arm_clear_arm_mpu_config
 .text.z_arm_init_arch_hw_at_boot
                0x00000000000097fc       0x4c zephyr/arch/arch/arm/core/aarch32/cortex_m/libarch__arm__core__aarch32__cortex_m.a(scb.c.obj)
                0x00000000000097fc                z_arm_init_arch_hw_at_boot
 .text.z_impl_k_thread_abort
                0x0000000000009848       0x2c zephyr/arch/arch/arm/core/aarch32/cortex_m/libarch__arm__core__aarch32__cortex_m.a(thread_abort.c.obj)
                0x0000000000009848                z_impl_k_thread_abort
 .text.z_arm_configure_static_mpu_regions
                0x0000000000009874       0x38 zephyr/arch/arch/arm/core/aarch32/mpu/libarch__arm__core__aarch32__mpu.a(arm_core_mpu.c.obj)
                0x0000000000009874                z_arm_configure_static_mpu_regions
 .text.region_init
                0x00000000000098ac       0x34 zephyr/arch/arch/arm/core/aarch32/mpu/libarch__arm__core__aarch32__mpu.a(arm_mpu.c.obj)
 .text.mpu_configure_regions_and_partition.constprop.0
                0x00000000000098e0      0x14c zephyr/arch/arch/arm/core/aarch32/mpu/libarch__arm__core__aarch32__mpu.a(arm_mpu.c.obj)
 .text.arm_core_mpu_enable
                0x0000000000009a2c       0x18 zephyr/arch/arch/arm/core/aarch32/mpu/libarch__arm__core__aarch32__mpu.a(arm_mpu.c.obj)
                0x0000000000009a2c                arm_core_mpu_enable
 .text.arm_core_mpu_disable
                0x0000000000009a44       0x14 zephyr/arch/arch/arm/core/aarch32/mpu/libarch__arm__core__aarch32__mpu.a(arm_mpu.c.obj)
                0x0000000000009a44                arm_core_mpu_disable
 .text.arm_core_mpu_configure_static_mpu_regions
                0x0000000000009a58       0x14 zephyr/arch/arch/arm/core/aarch32/mpu/libarch__arm__core__aarch32__mpu.a(arm_mpu.c.obj)
                0x0000000000009a58                arm_core_mpu_configure_static_mpu_regions
 .text.arm_core_mpu_mark_areas_for_dynamic_regions
                0x0000000000009a6c       0xb8 zephyr/arch/arch/arm/core/aarch32/mpu/libarch__arm__core__aarch32__mpu.a(arm_mpu.c.obj)
                0x0000000000009a6c                arm_core_mpu_mark_areas_for_dynamic_regions
 .text.z_arm_mpu_init
                0x0000000000009b24       0x4c zephyr/arch/arch/arm/core/aarch32/mpu/libarch__arm__core__aarch32__mpu.a(arm_mpu.c.obj)
                0x0000000000009b24                z_arm_mpu_init
 .text.__stdout_hook_install
                0x0000000000009b70        0xc zephyr/lib/libc/newlib/liblib__libc__newlib.a(libc-hooks.c.obj)
                0x0000000000009b70                __stdout_hook_install
 .text._sbrk    0x0000000000009b7c       0x28 zephyr/lib/libc/newlib/liblib__libc__newlib.a(libc-hooks.c.obj)
                0x0000000000009b7c                _sbrk
                0x0000000000009b7c                sbrk
 .text.onoff_stop
                0x0000000000009ba4       0x30 zephyr/drivers/clock_control/libdrivers__clock_control.a(clock_control_nrf.c.obj)
 .text.onoff_start
                0x0000000000009bd4       0x44 zephyr/drivers/clock_control/libdrivers__clock_control.a(clock_control_nrf.c.obj)
 .text.clk_init
                0x0000000000009c18       0x58 zephyr/drivers/clock_control/libdrivers__clock_control.a(clock_control_nrf.c.obj)
 .text.clkstarted_handle.constprop.0
                0x0000000000009c70       0x34 zephyr/drivers/clock_control/libdrivers__clock_control.a(clock_control_nrf.c.obj)
 .text.clock_event_handler
                0x0000000000009ca4       0x1c zephyr/drivers/clock_control/libdrivers__clock_control.a(clock_control_nrf.c.obj)
 .text.generic_hfclk_start
                0x0000000000009cc0       0x64 zephyr/drivers/clock_control/libdrivers__clock_control.a(clock_control_nrf.c.obj)
 .text.api_blocking_start
                0x0000000000009d24       0x34 zephyr/drivers/clock_control/libdrivers__clock_control.a(clock_control_nrf.c.obj)
 .text.generic_hfclk_stop
                0x0000000000009d58       0x34 zephyr/drivers/clock_control/libdrivers__clock_control.a(clock_control_nrf.c.obj)
 .text.z_nrf_clock_control_lf_on
                0x0000000000009d8c       0xf8 zephyr/drivers/clock_control/libdrivers__clock_control.a(clock_control_nrf.c.obj)
                0x0000000000009d8c                z_nrf_clock_control_lf_on
 .text.uart_console_init
                0x0000000000009e84       0x28 zephyr/drivers/console/libdrivers__console.a(uart_console.c.obj)
 .text.console_out
                0x0000000000009eac       0x28 zephyr/drivers/console/libdrivers__console.a(uart_console.c.obj)
 .text.gpio_nrfx_pin_interrupt_configure
                0x0000000000009ed4       0xc8 zephyr/drivers/gpio/libdrivers__gpio.a(gpio_nrfx.c.obj)
 .text.gpio_nrfx_init
                0x0000000000009f9c       0x38 zephyr/drivers/gpio/libdrivers__gpio.a(gpio_nrfx.c.obj)
 .text.nrfx_gpio_handler
                0x0000000000009fd4       0x3c zephyr/drivers/gpio/libdrivers__gpio.a(gpio_nrfx.c.obj)
 .text.gpio_nrfx_pin_configure
                0x000000000000a010      0x124 zephyr/drivers/gpio/libdrivers__gpio.a(gpio_nrfx.c.obj)
 .text.pinctrl_configure_pins
                0x000000000000a134      0x108 zephyr/drivers/pinctrl/libdrivers__pinctrl.a(pinctrl_nrf.c.obj)
                0x000000000000a134                pinctrl_configure_pins
 .text.uarte_nrfx_tx
                0x000000000000a23c       0xb4 zephyr/drivers/serial/libdrivers__serial.a(uart_nrfx_uarte.c.obj)
 .text.uarte_nrfx_configure
                0x000000000000a2f0      0x168 zephyr/drivers/serial/libdrivers__serial.a(uart_nrfx_uarte.c.obj)
 .text.uarte_0_init
                0x000000000000a458      0x18c zephyr/drivers/serial/libdrivers__serial.a(uart_nrfx_uarte.c.obj)
 .text.uarte_nrfx_poll_out
                0x000000000000a5e4       0xc0 zephyr/drivers/serial/libdrivers__serial.a(uart_nrfx_uarte.c.obj)
 .text.uarte_nrfx_isr_async
                0x000000000000a6a4      0x370 zephyr/drivers/serial/libdrivers__serial.a(uart_nrfx_uarte.c.obj)
 .text.compare_int_lock
                0x000000000000aa14       0x40 zephyr/drivers/timer/libdrivers__timer.a(nrf_rtc_timer.c.obj)
 .text.sys_clock_timeout_handler
                0x000000000000aa54       0x48 zephyr/drivers/timer/libdrivers__timer.a(nrf_rtc_timer.c.obj)
 .text.compare_int_unlock
                0x000000000000aa9c       0x4c zephyr/drivers/timer/libdrivers__timer.a(nrf_rtc_timer.c.obj)
 .text.z_nrf_rtc_timer_read
                0x000000000000aae8       0x44 zephyr/drivers/timer/libdrivers__timer.a(nrf_rtc_timer.c.obj)
                0x000000000000aae8                z_nrf_rtc_timer_read
 .text.compare_set
                0x000000000000ab2c      0x114 zephyr/drivers/timer/libdrivers__timer.a(nrf_rtc_timer.c.obj)
 .text.sys_clock_driver_init
                0x000000000000ac40       0x8c zephyr/drivers/timer/libdrivers__timer.a(nrf_rtc_timer.c.obj)
 .text.rtc_nrf_isr
                0x000000000000accc       0xd0 zephyr/drivers/timer/libdrivers__timer.a(nrf_rtc_timer.c.obj)
                0x000000000000accc                rtc_nrf_isr
 .text.sys_clock_set_timeout
                0x000000000000ad9c       0x64 zephyr/drivers/timer/libdrivers__timer.a(nrf_rtc_timer.c.obj)
                0x000000000000ad9c                sys_clock_set_timeout
 .text.sys_clock_elapsed
                0x000000000000ae00       0x14 zephyr/drivers/timer/libdrivers__timer.a(nrf_rtc_timer.c.obj)
                0x000000000000ae00                sys_clock_elapsed
 .text.thread_monitor_entry_get
                0x000000000000ae14       0x48 modules/nrf/lib/nrf_modem_lib/lib..__nrf__lib__nrf_modem_lib.a(nrf_modem_os.c.obj)
 .text.on_init  0x000000000000ae5c       0x20 modules/nrf/lib/nrf_modem_lib/lib..__nrf__lib__nrf_modem_lib.a(nrf_modem_os.c.obj)
 .text.nrf_modem_os_timedwait
                0x000000000000ae7c      0x184 modules/nrf/lib/nrf_modem_lib/lib..__nrf__lib__nrf_modem_lib.a(nrf_modem_os.c.obj)
                0x000000000000ae7c                nrf_modem_os_timedwait
 .text.nrf_modem_os_sem_init
                0x000000000000b000       0x34 modules/nrf/lib/nrf_modem_lib/lib..__nrf__lib__nrf_modem_lib.a(nrf_modem_os.c.obj)
                0x000000000000b000                nrf_modem_os_sem_init
 .text.nrf_modem_os_event_notify
                0x000000000000b034       0x38 modules/nrf/lib/nrf_modem_lib/lib..__nrf__lib__nrf_modem_lib.a(nrf_modem_os.c.obj)
                0x000000000000b034                nrf_modem_os_event_notify
 .text.nrf_modem_os_alloc
                0x000000000000b06c       0x10 modules/nrf/lib/nrf_modem_lib/lib..__nrf__lib__nrf_modem_lib.a(nrf_modem_os.c.obj)
                0x000000000000b06c                nrf_modem_os_alloc
 .text.nrf_modem_os_free
                0x000000000000b07c        0xc modules/nrf/lib/nrf_modem_lib/lib..__nrf__lib__nrf_modem_lib.a(nrf_modem_os.c.obj)
                0x000000000000b07c                nrf_modem_os_free
 .text.nrf_modem_os_shm_tx_alloc
                0x000000000000b088       0x10 modules/nrf/lib/nrf_modem_lib/lib..__nrf__lib__nrf_modem_lib.a(nrf_modem_os.c.obj)
                0x000000000000b088                nrf_modem_os_shm_tx_alloc
 .text.nrf_modem_os_shm_tx_free
                0x000000000000b098        0xc modules/nrf/lib/nrf_modem_lib/lib..__nrf__lib__nrf_modem_lib.a(nrf_modem_os.c.obj)
                0x000000000000b098                nrf_modem_os_shm_tx_free
 .text.on_modem_lib_init
                0x000000000000b0a4       0x28 modules/nrf/lib/modem_antenna/lib..__nrf__lib__modem_antenna.a(modem_antenna.c.obj)
 .text.tfm_ns_interface_dispatch
                0x000000000000b0cc       0x64 modules/trusted-firmware-m/libtfm_api.a(interface.c.obj)
                0x000000000000b0cc                tfm_ns_interface_dispatch
 .text.psa_generate_random
                0x000000000000b130       0x40 modules/trusted-firmware-m/libtfm_api.a(tfm_crypto_api.c.obj)
                0x000000000000b130                psa_generate_random
 .text.psa_call
                0x000000000000b170       0x38 modules/trusted-firmware-m/libtfm_api.a(tfm_psa_ns_api.c.obj)
                0x000000000000b170                psa_call
 .text.nrfx_flag32_alloc
                0x000000000000b1a8       0x38 modules/hal_nordic/nrfx/libmodules__hal_nordic__nrfx.a(nrfx_flag32_allocator.c.obj)
                0x000000000000b1a8                nrfx_flag32_alloc
 .text.nrfx_flag32_free
                0x000000000000b1e0       0x38 modules/hal_nordic/nrfx/libmodules__hal_nordic__nrfx.a(nrfx_flag32_allocator.c.obj)
                0x000000000000b1e0                nrfx_flag32_free
 .text.clock_stop
                0x000000000000b218       0xb4 modules/hal_nordic/nrfx/libmodules__hal_nordic__nrfx.a(nrfx_clock.c.obj)
 .text.nrfx_clock_init
                0x000000000000b2cc       0x20 modules/hal_nordic/nrfx/libmodules__hal_nordic__nrfx.a(nrfx_clock.c.obj)
                0x000000000000b2cc                nrfx_clock_init
 .text.nrfx_clock_enable
                0x000000000000b2ec       0x20 modules/hal_nordic/nrfx/libmodules__hal_nordic__nrfx.a(nrfx_clock.c.obj)
                0x000000000000b2ec                nrfx_clock_enable
 .text.nrfx_clock_start
                0x000000000000b30c       0x80 modules/hal_nordic/nrfx/libmodules__hal_nordic__nrfx.a(nrfx_clock.c.obj)
                0x000000000000b30c                nrfx_clock_start
 .text.nrfx_power_clock_irq_handler
                0x000000000000b38c       0x68 modules/hal_nordic/nrfx/libmodules__hal_nordic__nrfx.a(nrfx_clock.c.obj)
                0x000000000000b38c                nrfx_power_clock_irq_handler
 .text.nrfx_dppi_channel_alloc
                0x000000000000b3f4        0xc modules/hal_nordic/nrfx/libmodules__hal_nordic__nrfx.a(nrfx_dppi.c.obj)
                0x000000000000b3f4                nrfx_dppi_channel_alloc
 .text.nrf_gpio_cfg_sense_set
                0x000000000000b400       0x20 modules/hal_nordic/nrfx/libmodules__hal_nordic__nrfx.a(nrfx_gpiote.c.obj)
 .text.pin_in_use_by_te
                0x000000000000b420       0x14 modules/hal_nordic/nrfx/libmodules__hal_nordic__nrfx.a(nrfx_gpiote.c.obj)
 .text.call_handler
                0x000000000000b434       0x3c modules/hal_nordic/nrfx/libmodules__hal_nordic__nrfx.a(nrfx_gpiote.c.obj)
 .text.release_handler
                0x000000000000b470       0x54 modules/hal_nordic/nrfx/libmodules__hal_nordic__nrfx.a(nrfx_gpiote.c.obj)
 .text.pin_handler_trigger_uninit
                0x000000000000b4c4       0x3c modules/hal_nordic/nrfx/libmodules__hal_nordic__nrfx.a(nrfx_gpiote.c.obj)
 .text.nrfx_gpiote_input_configure
                0x000000000000b500      0x158 modules/hal_nordic/nrfx/libmodules__hal_nordic__nrfx.a(nrfx_gpiote.c.obj)
                0x000000000000b500                nrfx_gpiote_input_configure
 .text.nrfx_gpiote_output_configure
                0x000000000000b658      0x100 modules/hal_nordic/nrfx/libmodules__hal_nordic__nrfx.a(nrfx_gpiote.c.obj)
                0x000000000000b658                nrfx_gpiote_output_configure
 .text.nrfx_gpiote_global_callback_set
                0x000000000000b758        0xc modules/hal_nordic/nrfx/libmodules__hal_nordic__nrfx.a(nrfx_gpiote.c.obj)
                0x000000000000b758                nrfx_gpiote_global_callback_set
 .text.nrfx_gpiote_channel_get
                0x000000000000b764       0x2c modules/hal_nordic/nrfx/libmodules__hal_nordic__nrfx.a(nrfx_gpiote.c.obj)
                0x000000000000b764                nrfx_gpiote_channel_get
 .text.nrfx_gpiote_init
                0x000000000000b790       0x50 modules/hal_nordic/nrfx/libmodules__hal_nordic__nrfx.a(nrfx_gpiote.c.obj)
                0x000000000000b790                nrfx_gpiote_init
 .text.nrfx_gpiote_is_init
                0x000000000000b7e0       0x14 modules/hal_nordic/nrfx/libmodules__hal_nordic__nrfx.a(nrfx_gpiote.c.obj)
                0x000000000000b7e0                nrfx_gpiote_is_init
 .text.nrfx_gpiote_channel_free
                0x000000000000b7f4        0xc modules/hal_nordic/nrfx/libmodules__hal_nordic__nrfx.a(nrfx_gpiote.c.obj)
                0x000000000000b7f4                nrfx_gpiote_channel_free
 .text.nrfx_gpiote_channel_alloc
                0x000000000000b800        0xc modules/hal_nordic/nrfx/libmodules__hal_nordic__nrfx.a(nrfx_gpiote.c.obj)
                0x000000000000b800                nrfx_gpiote_channel_alloc
 .text.nrfx_gpiote_trigger_enable
                0x000000000000b80c       0x88 modules/hal_nordic/nrfx/libmodules__hal_nordic__nrfx.a(nrfx_gpiote.c.obj)
                0x000000000000b80c                nrfx_gpiote_trigger_enable
 .text.nrfx_gpiote_trigger_disable
                0x000000000000b894       0x50 modules/hal_nordic/nrfx/libmodules__hal_nordic__nrfx.a(nrfx_gpiote.c.obj)
                0x000000000000b894                nrfx_gpiote_trigger_disable
 .text.nrfx_gpiote_pin_uninit
                0x000000000000b8e4       0x44 modules/hal_nordic/nrfx/libmodules__hal_nordic__nrfx.a(nrfx_gpiote.c.obj)
                0x000000000000b8e4                nrfx_gpiote_pin_uninit
 .text.nrfx_gpiote_irq_handler
                0x000000000000b928      0x154 modules/hal_nordic/nrfx/libmodules__hal_nordic__nrfx.a(nrfx_gpiote.c.obj)
                0x000000000000b928                nrfx_gpiote_irq_handler
 .text.nrfx_ipc_init
                0x000000000000ba7c       0x30 modules/hal_nordic/nrfx/libmodules__hal_nordic__nrfx.a(nrfx_ipc.c.obj)
                0x000000000000ba7c                nrfx_ipc_init
 .text.nrfx_ipc_config_load
                0x000000000000baac       0x40 modules/hal_nordic/nrfx/libmodules__hal_nordic__nrfx.a(nrfx_ipc.c.obj)
                0x000000000000baac                nrfx_ipc_config_load
 .text.nrfx_ipc_uninit
                0x000000000000baec       0x5c modules/hal_nordic/nrfx/libmodules__hal_nordic__nrfx.a(nrfx_ipc.c.obj)
                0x000000000000baec                nrfx_ipc_uninit
 .text.nrfx_ipc_receive_event_enable
                0x000000000000bb48       0x10 modules/hal_nordic/nrfx/libmodules__hal_nordic__nrfx.a(nrfx_ipc.c.obj)
                0x000000000000bb48                nrfx_ipc_receive_event_enable
 .text.nrfx_ipc_receive_event_disable
                0x000000000000bb58       0x10 modules/hal_nordic/nrfx/libmodules__hal_nordic__nrfx.a(nrfx_ipc.c.obj)
                0x000000000000bb58                nrfx_ipc_receive_event_disable
 .text.nrfx_ipc_irq_handler
                0x000000000000bb68       0x40 modules/hal_nordic/nrfx/libmodules__hal_nordic__nrfx.a(nrfx_ipc.c.obj)
                0x000000000000bb68                nrfx_ipc_irq_handler
 .text.rpc_handle_data_message
                0x000000000000bba8       0x38 /Users/kafechew/Nordic/ncs/nrfxlib/nrf_modem/lib/cortex-m33/soft-float/libmodem.a(rpc_framework.c.obj)
                0x000000000000bba8                rpc_handle_data_message
 .text.rpc_transport_msg_alloc
                0x000000000000bbe0        0xc /Users/kafechew/Nordic/ncs/nrfxlib/nrf_modem/lib/cortex-m33/soft-float/libmodem.a(rpc_transport.c.obj)
                0x000000000000bbe0                rpc_transport_msg_alloc
 .text.rpc_transport_msg_rx_free
                0x000000000000bbec        0xc /Users/kafechew/Nordic/ncs/nrfxlib/nrf_modem/lib/cortex-m33/soft-float/libmodem.a(rpc_transport.c.obj)
                0x000000000000bbec                rpc_transport_msg_rx_free
 .text.rpc_transport_msg_data_rx_free
                0x000000000000bbf8        0xc /Users/kafechew/Nordic/ncs/nrfxlib/nrf_modem/lib/cortex-m33/soft-float/libmodem.a(rpc_transport.c.obj)
                0x000000000000bbf8                rpc_transport_msg_data_rx_free
 .text.rpc_transport_msg_send
                0x000000000000bc04        0xc /Users/kafechew/Nordic/ncs/nrfxlib/nrf_modem/lib/cortex-m33/soft-float/libmodem.a(rpc_transport.c.obj)
                0x000000000000bc04                rpc_transport_msg_send
 .text.rpc_transport_ipc_msg_data_tx_size
                0x000000000000bc10        0xc /Users/kafechew/Nordic/ncs/nrfxlib/nrf_modem/lib/cortex-m33/soft-float/libmodem.a(rpc_transport_ipc.c.obj)
 .text.rpc_transport_ipc_msg_rx_free
                0x000000000000bc1c       0x4c /Users/kafechew/Nordic/ncs/nrfxlib/nrf_modem/lib/cortex-m33/soft-float/libmodem.a(rpc_transport_ipc.c.obj)
 .text.rpc_transport_ipc_msg_tx_free
                0x000000000000bc68       0x38 /Users/kafechew/Nordic/ncs/nrfxlib/nrf_modem/lib/cortex-m33/soft-float/libmodem.a(rpc_transport_ipc.c.obj)
 .text.handle_modem_rpc_msg
                0x000000000000bca0       0x78 /Users/kafechew/Nordic/ncs/nrfxlib/nrf_modem/lib/cortex-m33/soft-float/libmodem.a(rpc_transport_ipc.c.obj)
 .text.rpc_message_handler
                0x000000000000bd18       0x24 /Users/kafechew/Nordic/ncs/nrfxlib/nrf_modem/lib/cortex-m33/soft-float/libmodem.a(rpc_transport_ipc.c.obj)
 .text.ipc_irq_handler
                0x000000000000bd3c       0xfc /Users/kafechew/Nordic/ncs/nrfxlib/nrf_modem/lib/cortex-m33/soft-float/libmodem.a(rpc_transport_ipc.c.obj)
                0x000000000000bd3c                ipc_irq_handler
 .text.rpc_transport_ipc_data_msg_send
                0x000000000000be38       0x6c /Users/kafechew/Nordic/ncs/nrfxlib/nrf_modem/lib/cortex-m33/soft-float/libmodem.a(rpc_transport_ipc.c.obj)
 .text.rpc_transport_ipc_ctrl_msg_alloc
                0x000000000000bea4       0x44 /Users/kafechew/Nordic/ncs/nrfxlib/nrf_modem/lib/cortex-m33/soft-float/libmodem.a(rpc_transport_ipc.c.obj)
 .text.rpc_transport_ipc_data_msg_alloc
                0x000000000000bee8       0x24 /Users/kafechew/Nordic/ncs/nrfxlib/nrf_modem/lib/cortex-m33/soft-float/libmodem.a(rpc_transport_ipc.c.obj)
 .text.rpc_transport_ipc_init
                0x000000000000bf0c      0x1cc /Users/kafechew/Nordic/ncs/nrfxlib/nrf_modem/lib/cortex-m33/soft-float/libmodem.a(rpc_transport_ipc.c.obj)
 .text.rpc_transport_ipc_ctrl_msg_send
                0x000000000000c0d8       0x6c /Users/kafechew/Nordic/ncs/nrfxlib/nrf_modem/lib/cortex-m33/soft-float/libmodem.a(rpc_transport_ipc.c.obj)
 .text.rpc_transport_ipc_request_shutdown
                0x000000000000c144       0x38 /Users/kafechew/Nordic/ncs/nrfxlib/nrf_modem/lib/cortex-m33/soft-float/libmodem.a(rpc_transport_ipc.c.obj)
 .text.rpc_transport_ipc_msg_data_rx_free
                0x000000000000c17c       0x30 /Users/kafechew/Nordic/ncs/nrfxlib/nrf_modem/lib/cortex-m33/soft-float/libmodem.a(rpc_transport_ipc.c.obj)
 .text.at_cmd_send
                0x000000000000c1ac       0x74 /Users/kafechew/Nordic/ncs/nrfxlib/nrf_modem/lib/cortex-m33/soft-float/libmodem.a(nrf_modem_at.c.obj)
 .text.at_response_match
                0x000000000000c220       0x48 /Users/kafechew/Nordic/ncs/nrfxlib/nrf_modem/lib/cortex-m33/soft-float/libmodem.a(nrf_modem_at.c.obj)
 .text.at_vsprintf
                0x000000000000c268       0x50 /Users/kafechew/Nordic/ncs/nrfxlib/nrf_modem/lib/cortex-m33/soft-float/libmodem.a(nrf_modem_at.c.obj)
 .text.nrf_modem_at_printf
                0x000000000000c2b8       0x98 /Users/kafechew/Nordic/ncs/nrfxlib/nrf_modem/lib/cortex-m33/soft-float/libmodem.a(nrf_modem_at.c.obj)
                0x000000000000c2b8                nrf_modem_at_printf
 .text.rpc_at_event_handler
                0x000000000000c350       0x7c /Users/kafechew/Nordic/ncs/nrfxlib/nrf_modem/lib/cortex-m33/soft-float/libmodem.a(nrf_modem_at.c.obj)
                0x000000000000c350                rpc_at_event_handler
 .text.sock_find
                0x000000000000c3cc       0x24 /Users/kafechew/Nordic/ncs/nrfxlib/nrf_modem/lib/cortex-m33/soft-float/libmodem.a(sock.c.obj)
                0x000000000000c3cc                sock_find
 .text.sock_flow_control_set
                0x000000000000c3f0       0x54 /Users/kafechew/Nordic/ncs/nrfxlib/nrf_modem/lib/cortex-m33/soft-float/libmodem.a(sock.c.obj)
                0x000000000000c3f0                sock_flow_control_set
 .text.on_getaddrinfo_res
                0x000000000000c444       0x18 /Users/kafechew/Nordic/ncs/nrfxlib/nrf_modem/lib/cortex-m33/soft-float/libmodem.a(dns.c.obj)
                0x000000000000c444                on_getaddrinfo_res
 .text.rpc_ip_event_handler
                0x000000000000c45c      0x240 /Users/kafechew/Nordic/ncs/nrfxlib/nrf_modem/lib/cortex-m33/soft-float/libmodem.a(ip.c.obj)
                0x000000000000c45c                rpc_ip_event_handler
 .text.on_tls_attach_res
                0x000000000000c69c       0x28 /Users/kafechew/Nordic/ncs/nrfxlib/nrf_modem/lib/cortex-m33/soft-float/libmodem.a(tls.c.obj)
                0x000000000000c69c                on_tls_attach_res
 .text.on_tls_handshake_ntf
                0x000000000000c6c4       0x34 /Users/kafechew/Nordic/ncs/nrfxlib/nrf_modem/lib/cortex-m33/soft-float/libmodem.a(tls.c.obj)
                0x000000000000c6c4                on_tls_handshake_ntf
 .text.tls_attach
                0x000000000000c6f8       0xf0 /Users/kafechew/Nordic/ncs/nrfxlib/nrf_modem/lib/cortex-m33/soft-float/libmodem.a(tls.c.obj)
                0x000000000000c6f8                tls_attach
 .text.rpc_error_to_nrf_errno
                0x000000000000c7e8       0x18 /Users/kafechew/Nordic/ncs/nrfxlib/nrf_modem/lib/cortex-m33/soft-float/libmodem.a(tables.c.obj)
                0x000000000000c7e8                rpc_error_to_nrf_errno
 .text.rpc_gnss_event_handler
                0x000000000000c800      0x134 /Users/kafechew/Nordic/ncs/nrfxlib/nrf_modem/lib/cortex-m33/soft-float/libmodem.a(nrf_modem_gnss.c.obj)
                0x000000000000c800                rpc_gnss_event_handler
 .text.nrf_modem_fault_handler_internal
                0x000000000000c934       0x18 /Users/kafechew/Nordic/ncs/nrfxlib/nrf_modem/lib/cortex-m33/soft-float/libmodem.a(nrf_modem_fault.c.obj)
                0x000000000000c934                nrf_modem_fault_handler_internal
 .text.nrf_modem_state_set
                0x000000000000c94c        0xc /Users/kafechew/Nordic/ncs/nrfxlib/nrf_modem/lib/cortex-m33/soft-float/libmodem.a(nrf_modem_state.c.obj)
                0x000000000000c94c                nrf_modem_state_set
 .text.nrf_modem_state_is_initialized
                0x000000000000c958       0x10 /Users/kafechew/Nordic/ncs/nrfxlib/nrf_modem/lib/cortex-m33/soft-float/libmodem.a(nrf_modem_state.c.obj)
                0x000000000000c958                nrf_modem_state_is_initialized
 .text.ipc_trace_init
                0x000000000000c968       0x38 /Users/kafechew/Nordic/ncs/nrfxlib/nrf_modem/lib/cortex-m33/soft-float/libmodem.a(ipc_trace.c.obj)
                0x000000000000c968                ipc_trace_init
 .text.ipc_trace_handler
                0x000000000000c9a0       0xc8 /Users/kafechew/Nordic/ncs/nrfxlib/nrf_modem/lib/cortex-m33/soft-float/libmodem.a(ipc_trace.c.obj)
                0x000000000000c9a0                ipc_trace_handler
 .text.z_impl_z_errno
                0x000000000000ca68        0xc zephyr/kernel/libkernel.a(errno.c.obj)
                0x000000000000ca68                z_impl_z_errno
 .text.z_sys_init_run_level
                0x000000000000ca74       0x48 zephyr/kernel/libkernel.a(init.c.obj)
 .text.bg_thread_main
                0x000000000000cabc       0x34 zephyr/kernel/libkernel.a(init.c.obj)
 .text.z_bss_zero
                0x000000000000caf0       0x18 zephyr/kernel/libkernel.a(init.c.obj)
                0x000000000000caf0                z_bss_zero
 .text.z_init_cpu
                0x000000000000cb08       0x68 zephyr/kernel/libkernel.a(init.c.obj)
                0x000000000000cb08                z_init_cpu
 .text.z_cstart
                0x000000000000cb70       0xe0 zephyr/kernel/libkernel.a(init.c.obj)
                0x000000000000cb70                z_cstart
 .text.statics_init
                0x000000000000cc50       0x24 zephyr/kernel/libkernel.a(kheap.c.obj)
 .text.z_setup_new_thread
                0x000000000000cc74       0x60 zephyr/kernel/libkernel.a(thread.c.obj)
                0x000000000000cc74                z_setup_new_thread
 .text.z_init_static_threads
                0x000000000000ccd4       0xb8 zephyr/kernel/libkernel.a(thread.c.obj)
                0x000000000000ccd4                z_init_static_threads
 .text.idle     0x000000000000cd8c       0x38 zephyr/kernel/libkernel.a(idle.c.obj)
                0x000000000000cd8c                idle
 .text.z_impl_k_mutex_lock
                0x000000000000cdc4       0xf4 zephyr/kernel/libkernel.a(mutex.c.obj)
                0x000000000000cdc4                z_impl_k_mutex_lock
 .text.z_impl_k_mutex_unlock
                0x000000000000ceb8       0x78 zephyr/kernel/libkernel.a(mutex.c.obj)
                0x000000000000ceb8                z_impl_k_mutex_unlock
 .text.z_impl_k_sem_give
                0x000000000000cf30       0x40 zephyr/kernel/libkernel.a(sem.c.obj)
                0x000000000000cf30                z_impl_k_sem_give
 .text.z_impl_k_sem_take
                0x000000000000cf70       0x50 zephyr/kernel/libkernel.a(sem.c.obj)
                0x000000000000cf70                z_impl_k_sem_take
 .text.sliceable
                0x000000000000cfc0       0x3c zephyr/kernel/libkernel.a(sched.c.obj)
 .text.slice_timeout
                0x000000000000cffc       0x20 zephyr/kernel/libkernel.a(sched.c.obj)
 .text.z_reset_time_slice
                0x000000000000d01c       0x50 zephyr/kernel/libkernel.a(sched.c.obj)
                0x000000000000d01c                z_reset_time_slice
 .text.update_cache
                0x000000000000d06c       0x3c zephyr/kernel/libkernel.a(sched.c.obj)
 .text.move_thread_to_end_of_prio_q
                0x000000000000d0a8       0x74 zephyr/kernel/libkernel.a(sched.c.obj)
 .text.ready_thread
                0x000000000000d11c       0x68 zephyr/kernel/libkernel.a(sched.c.obj)
 .text.unready_thread
                0x000000000000d184       0x30 zephyr/kernel/libkernel.a(sched.c.obj)
 .text.pend_locked
                0x000000000000d1b4       0x30 zephyr/kernel/libkernel.a(sched.c.obj)
 .text.z_time_slice
                0x000000000000d1e4       0x60 zephyr/kernel/libkernel.a(sched.c.obj)
                0x000000000000d1e4                z_time_slice
 .text.z_pend_curr
                0x000000000000d244       0x3c zephyr/kernel/libkernel.a(sched.c.obj)
                0x000000000000d244                z_pend_curr
 .text.z_set_prio
                0x000000000000d280       0x8c zephyr/kernel/libkernel.a(sched.c.obj)
                0x000000000000d280                z_set_prio
 .text.z_reschedule
                0x000000000000d30c       0x24 zephyr/kernel/libkernel.a(sched.c.obj)
                0x000000000000d30c                z_reschedule
 .text.z_sched_start
                0x000000000000d330       0x3c zephyr/kernel/libkernel.a(sched.c.obj)
                0x000000000000d330                z_sched_start
 .text.z_impl_k_thread_suspend
                0x000000000000d36c       0x64 zephyr/kernel/libkernel.a(sched.c.obj)
                0x000000000000d36c                z_impl_k_thread_suspend
 .text.k_sched_lock
                0x000000000000d3d0       0x28 zephyr/kernel/libkernel.a(sched.c.obj)
                0x000000000000d3d0                k_sched_lock
 .text.k_sched_unlock
                0x000000000000d3f8       0x38 zephyr/kernel/libkernel.a(sched.c.obj)
                0x000000000000d3f8                k_sched_unlock
 .text.z_sched_init
                0x000000000000d430       0x10 zephyr/kernel/libkernel.a(sched.c.obj)
                0x000000000000d430                z_sched_init
 .text.z_impl_k_yield
                0x000000000000d440       0x7c zephyr/kernel/libkernel.a(sched.c.obj)
                0x000000000000d440                z_impl_k_yield
 .text.z_tick_sleep
                0x000000000000d4bc       0x88 zephyr/kernel/libkernel.a(sched.c.obj)
 .text.z_impl_k_sleep
                0x000000000000d544       0x34 zephyr/kernel/libkernel.a(sched.c.obj)
                0x000000000000d544                z_impl_k_sleep
 .text.z_impl_z_current_get
                0x000000000000d578        0xc zephyr/kernel/libkernel.a(sched.c.obj)
                0x000000000000d578                z_impl_z_current_get
 .text.z_thread_abort
                0x000000000000d584       0xc0 zephyr/kernel/libkernel.a(sched.c.obj)
                0x000000000000d584                z_thread_abort
 .text.z_data_copy
                0x000000000000d644       0x34 zephyr/kernel/libkernel.a(xip.c.obj)
                0x000000000000d644                z_data_copy
 .text.elapsed  0x000000000000d678       0x14 zephyr/kernel/libkernel.a(timeout.c.obj)
 .text.next_timeout
                0x000000000000d68c       0x40 zephyr/kernel/libkernel.a(timeout.c.obj)
 .text.remove_timeout
                0x000000000000d6cc       0x38 zephyr/kernel/libkernel.a(timeout.c.obj)
 .text.z_add_timeout
                0x000000000000d704       0xec zephyr/kernel/libkernel.a(timeout.c.obj)
                0x000000000000d704                z_add_timeout
 .text.sys_clock_announce
                0x000000000000d7f0       0xd4 zephyr/kernel/libkernel.a(timeout.c.obj)
                0x000000000000d7f0                sys_clock_announce
 .text.sys_clock_tick_get
                0x000000000000d8c4       0x34 zephyr/kernel/libkernel.a(timeout.c.obj)
                0x000000000000d8c4                sys_clock_tick_get
 .text.z_timer_expiration_handler
                0x000000000000d8f8       0xe4 zephyr/kernel/libkernel.a(timer.c.obj)
                0x000000000000d8f8                z_timer_expiration_handler
 .text.z_impl_k_timer_start
                0x000000000000d9dc       0x60 zephyr/kernel/libkernel.a(timer.c.obj)
                0x000000000000d9dc                z_impl_k_timer_start
 .text.k_thread_system_pool_assign
                0x000000000000da3c        0xc zephyr/kernel/libkernel.a(mempool.c.obj)
                0x000000000000da3c                k_thread_system_pool_assign
 .text.boot_banner
                0x000000000000da48        0xc zephyr/kernel/libkernel.a(banner.c.obj)
                0x000000000000da48                boot_banner
 .text._free_r  0x000000000000da54       0x94 /Users/kafechew/zephyr-sdk-0.16.0/arm-zephyr-eabi/arm-zephyr-eabi/lib/thumb/v8-m.main/nofp/libc_nano.a(lib_a-nano-freer.o)
                0x000000000000da54                _free_r
 .text._malloc_r
                0x000000000000dae8       0xb4 /Users/kafechew/zephyr-sdk-0.16.0/arm-zephyr-eabi/arm-zephyr-eabi/lib/thumb/v8-m.main/nofp/libc_nano.a(lib_a-nano-mallocr.o)
                0x000000000000dae8                _malloc_r
 .text._sbrk_r  0x000000000000db9c       0x20 /Users/kafechew/zephyr-sdk-0.16.0/arm-zephyr-eabi/arm-zephyr-eabi/lib/thumb/v8-m.main/nofp/libc_nano.a(lib_a-sbrkr.o)
                0x000000000000db9c                _sbrk_r
 .text._strtol_l.constprop.0
                0x000000000000dbbc       0xfc /Users/kafechew/zephyr-sdk-0.16.0/arm-zephyr-eabi/arm-zephyr-eabi/lib/thumb/v8-m.main/nofp/libc_nano.a(lib_a-strtol.o)
 .text.strtol   0x000000000000dcb8       0x14 /Users/kafechew/zephyr-sdk-0.16.0/arm-zephyr-eabi/arm-zephyr-eabi/lib/thumb/v8-m.main/nofp/libc_nano.a(lib_a-strtol.o)
                0x000000000000dcb8                strtol
 .text.vsnprintf
                0x000000000000dccc       0x1c /Users/kafechew/zephyr-sdk-0.16.0/arm-zephyr-eabi/arm-zephyr-eabi/lib/thumb/v8-m.main/nofp/libc_nano.a(lib_a-vsnprintf.o)
                0x000000000000dccc                vsnprintf
                0x000000000000dccc                vsniprintf
 .text.__malloc_lock
                0x000000000000dce8        0xc /Users/kafechew/zephyr-sdk-0.16.0/arm-zephyr-eabi/arm-zephyr-eabi/lib/thumb/v8-m.main/nofp/libc_nano.a(lib_a-mlock.o)
                0x000000000000dce8                __malloc_lock
 .text.__malloc_unlock
                0x000000000000dcf4        0xc /Users/kafechew/zephyr-sdk-0.16.0/arm-zephyr-eabi/arm-zephyr-eabi/lib/thumb/v8-m.main/nofp/libc_nano.a(lib_a-mlock.o)
                0x000000000000dcf4                __malloc_unlock
 .text._svfprintf_r
                0x000000000000dd00      0x1f8 /Users/kafechew/zephyr-sdk-0.16.0/arm-zephyr-eabi/arm-zephyr-eabi/lib/thumb/v8-m.main/nofp/libc_nano.a(lib_a-nano-svfprintf.o)
                0x000000000000dd00                _svfprintf_r
                0x000000000000dd00                _svfiprintf_r
 .text._printf_i
                0x000000000000def8      0x25c /Users/kafechew/zephyr-sdk-0.16.0/arm-zephyr-eabi/arm-zephyr-eabi/lib/thumb/v8-m.main/nofp/libc_nano.a(lib_a-nano-vfprintf_i.o)
                0x000000000000def8                _printf_i
 .text._OffsetAbsSyms
                0x000000000000e154        0x2 zephyr/CMakeFiles/offsets.dir/./arch/arm/core/offsets/offsets.c.obj
                0x000000000000e154                _OffsetAbsSyms
 .text.gpio_pin_configure_dt.constprop.0
                0x000000000000e156       0x34 app/libapp.a(main.c.obj)
 .text.gpio_pin_toggle_dt.isra.0
                0x000000000000e18a       0x10 app/libapp.a(main.c.obj)
 .text.arch_printk_char_out
                0x000000000000e19a        0x4 zephyr/libzephyr.a(printk.c.obj)
                0x000000000000e19a                arch_printk_char_out
 .text.printk   0x000000000000e19e       0x1a zephyr/libzephyr.a(printk.c.obj)
                0x000000000000e19e                printk
 .text.z_thread_entry
                0x000000000000e1b8       0x14 zephyr/libzephyr.a(thread_entry.c.obj)
                0x000000000000e1b8                z_thread_entry
 .text.chunk_size
                0x000000000000e1cc        0xa zephyr/libzephyr.a(heap.c.obj)
 .text.free_list_add
                0x000000000000e1d6       0x4e zephyr/libzephyr.a(heap.c.obj)
 .text.free_list_remove_bidx
                0x000000000000e224       0x3a zephyr/libzephyr.a(heap.c.obj)
 .text.free_list_remove
                0x000000000000e25e       0x1a zephyr/libzephyr.a(heap.c.obj)
 .text.alloc_chunk
                0x000000000000e278       0x6e zephyr/libzephyr.a(heap.c.obj)
 .text.merge_chunks
                0x000000000000e2e6       0x2c zephyr/libzephyr.a(heap.c.obj)
 .text.split_chunks
                0x000000000000e312       0x34 zephyr/libzephyr.a(heap.c.obj)
 .text.free_chunk
                0x000000000000e346       0x62 zephyr/libzephyr.a(heap.c.obj)
 .text.sys_heap_free
                0x000000000000e3a8       0x1e zephyr/libzephyr.a(heap.c.obj)
                0x000000000000e3a8                sys_heap_free
 .text.sys_heap_alloc
                0x000000000000e3c6       0x52 zephyr/libzephyr.a(heap.c.obj)
                0x000000000000e3c6                sys_heap_alloc
 .text.sys_heap_aligned_alloc
                0x000000000000e418       0xce zephyr/libzephyr.a(heap.c.obj)
                0x000000000000e418                sys_heap_aligned_alloc
 .text.sys_heap_init
                0x000000000000e4e6       0x7a zephyr/libzephyr.a(heap.c.obj)
                0x000000000000e4e6                sys_heap_init
 .text.process_recheck
                0x000000000000e560       0x38 zephyr/libzephyr.a(onoff.c.obj)
 .text.validate_args
                0x000000000000e598       0x20 zephyr/libzephyr.a(onoff.c.obj)
 .text.notify_one
                0x000000000000e5b8       0x2c zephyr/libzephyr.a(onoff.c.obj)
 .text.transition_complete
                0x000000000000e5e4       0x1c zephyr/libzephyr.a(onoff.c.obj)
 .text.onoff_manager_init
                0x000000000000e600       0x26 zephyr/libzephyr.a(onoff.c.obj)
                0x000000000000e600                onoff_manager_init
 .text.onoff_request
                0x000000000000e626       0xb0 zephyr/libzephyr.a(onoff.c.obj)
                0x000000000000e626                onoff_request
 .text.sys_notify_validate
                0x000000000000e6d6       0x22 zephyr/libzephyr.a(notify.c.obj)
                0x000000000000e6d6                sys_notify_validate
 .text.sys_notify_finalize
                0x000000000000e6f8       0x1a zephyr/libzephyr.a(notify.c.obj)
                0x000000000000e6f8                sys_notify_finalize
 .text.outs     0x000000000000e712       0x2e zephyr/libzephyr.a(cbprintf_complete.c.obj)
 .text._ConfigAbsSyms
                0x000000000000e740        0x2 zephyr/libzephyr.a(configs.c.obj)
                0x000000000000e740                _ConfigAbsSyms
 .text.pm_state_set
                0x000000000000e742       0x18 zephyr/libzephyr.a(power.c.obj)
                0x000000000000e742                pm_state_set
 .text.pm_state_exit_post_ops
                0x000000000000e75a        0xc zephyr/libzephyr.a(power.c.obj)
                0x000000000000e75a                pm_state_exit_post_ops
 .text.z_arm_fatal_error
                0x000000000000e766        0x4 zephyr/arch/arch/arm/core/aarch32/libarch__arm__core__aarch32.a(fatal.c.obj)
                0x000000000000e766                z_arm_fatal_error
 .text.z_do_kernel_oops
                0x000000000000e76a        0x8 zephyr/arch/arch/arm/core/aarch32/libarch__arm__core__aarch32.a(fatal.c.obj)
                0x000000000000e76a                z_do_kernel_oops
 .text.z_irq_spurious
                0x000000000000e772        0x8 zephyr/arch/arch/arm/core/aarch32/libarch__arm__core__aarch32.a(irq_manage.c.obj)
                0x000000000000e772                z_irq_spurious
 .text.z_arm_nmi
                0x000000000000e77a        0xe zephyr/arch/arch/arm/core/aarch32/libarch__arm__core__aarch32.a(nmi.c.obj)
                0x000000000000e77a                z_arm_nmi
 .text.configure_builtin_stack_guard
                0x000000000000e788        0x8 zephyr/arch/arch/arm/core/aarch32/libarch__arm__core__aarch32.a(thread.c.obj)
                0x000000000000e788                configure_builtin_stack_guard
 .text.z_arm_save_fp_context
                0x000000000000e790        0x2 zephyr/arch/arch/arm/core/aarch32/cortex_m/libarch__arm__core__aarch32__cortex_m.a(fpu.c.obj)
                0x000000000000e790                z_arm_save_fp_context
 .text.z_arm_restore_fp_context
                0x000000000000e792        0x2 zephyr/arch/arch/arm/core/aarch32/cortex_m/libarch__arm__core__aarch32__cortex_m.a(fpu.c.obj)
                0x000000000000e792                z_arm_restore_fp_context
 .text.arm_cmse_mpu_region_get
                0x000000000000e794       0x12 zephyr/arch/arch/arm/core/aarch32/cortex_m/cmse/libarch__arm__core__aarch32__cortex_m__cmse.a(arm_core_cmse.c.obj)
                0x000000000000e794                arm_cmse_mpu_region_get
 .text.mpu_configure_region
                0x000000000000e7a6       0x3a zephyr/arch/arch/arm/core/aarch32/mpu/libarch__arm__core__aarch32__mpu.a(arm_mpu.c.obj)
 .text.malloc_prepare
                0x000000000000e7e0        0x4 zephyr/lib/libc/newlib/liblib__libc__newlib.a(libc-hooks.c.obj)
 .text._stdout_hook_default
                0x000000000000e7e4        0x6 zephyr/lib/libc/newlib/liblib__libc__newlib.a(libc-hooks.c.obj)
 .text.__retarget_lock_acquire_recursive
                0x000000000000e7ea        0xc zephyr/lib/libc/newlib/liblib__libc__newlib.a(libc-hooks.c.obj)
                0x000000000000e7ea                __retarget_lock_acquire_recursive
 .text.__retarget_lock_release_recursive
                0x000000000000e7f6        0x4 zephyr/lib/libc/newlib/liblib__libc__newlib.a(libc-hooks.c.obj)
                0x000000000000e7f6                __retarget_lock_release_recursive
 .text.__errno  0x000000000000e7fa        0x4 zephyr/lib/libc/newlib/liblib__libc__newlib.a(libc-hooks.c.obj)
                0x000000000000e7fa                __errno
 .text.get_status
                0x000000000000e7fe       0x12 zephyr/drivers/clock_control/libdrivers__clock_control.a(clock_control_nrf.c.obj)
 .text.set_on_state
                0x000000000000e810       0x26 zephyr/drivers/clock_control/libdrivers__clock_control.a(clock_control_nrf.c.obj)
 .text.stop     0x000000000000e836       0x54 zephyr/drivers/clock_control/libdrivers__clock_control.a(clock_control_nrf.c.obj)
 .text.api_stop
                0x000000000000e88a        0x6 zephyr/drivers/clock_control/libdrivers__clock_control.a(clock_control_nrf.c.obj)
 .text.async_start
                0x000000000000e890       0x5e zephyr/drivers/clock_control/libdrivers__clock_control.a(clock_control_nrf.c.obj)
 .text.api_start
                0x000000000000e8ee        0xe zephyr/drivers/clock_control/libdrivers__clock_control.a(clock_control_nrf.c.obj)
 .text.onoff_started_callback
                0x000000000000e8fc       0x12 zephyr/drivers/clock_control/libdrivers__clock_control.a(clock_control_nrf.c.obj)
 .text.lfclk_start
                0x000000000000e90e        0x6 zephyr/drivers/clock_control/libdrivers__clock_control.a(clock_control_nrf.c.obj)
 .text.lfclk_stop
                0x000000000000e914        0x6 zephyr/drivers/clock_control/libdrivers__clock_control.a(clock_control_nrf.c.obj)
 .text.blocking_start_callback
                0x000000000000e91a        0x6 zephyr/drivers/clock_control/libdrivers__clock_control.a(clock_control_nrf.c.obj)
 .text.entropy_psa_crypto_rng_get_entropy
                0x000000000000e920       0x14 zephyr/drivers/entropy/libdrivers__entropy.a(entropy_psa_crypto.c.obj)
 .text.entropy_psa_crypto_rng_init
                0x000000000000e934       0x10 zephyr/drivers/entropy/libdrivers__entropy.a(entropy_psa_crypto.c.obj)
 .text.gpio_nrfx_port_get_raw
                0x000000000000e944        0xc zephyr/drivers/gpio/libdrivers__gpio.a(gpio_nrfx.c.obj)
 .text.gpio_nrfx_port_set_masked_raw
                0x000000000000e950       0x14 zephyr/drivers/gpio/libdrivers__gpio.a(gpio_nrfx.c.obj)
 .text.gpio_nrfx_port_set_bits_raw
                0x000000000000e964        0xa zephyr/drivers/gpio/libdrivers__gpio.a(gpio_nrfx.c.obj)
 .text.gpio_nrfx_port_clear_bits_raw
                0x000000000000e96e        0xa zephyr/drivers/gpio/libdrivers__gpio.a(gpio_nrfx.c.obj)
 .text.gpio_nrfx_port_toggle_bits
                0x000000000000e978       0x14 zephyr/drivers/gpio/libdrivers__gpio.a(gpio_nrfx.c.obj)
 .text.gpio_nrfx_manage_callback
                0x000000000000e98c       0x52 zephyr/drivers/gpio/libdrivers__gpio.a(gpio_nrfx.c.obj)
 .text.pinctrl_lookup_state
                0x000000000000e9de       0x26 zephyr/drivers/pinctrl/libdrivers__pinctrl.a(common.c.obj)
                0x000000000000e9de                pinctrl_lookup_state
 .text.uarte_nrfx_config_get
                0x000000000000ea04       0x10 zephyr/drivers/serial/libdrivers__serial.a(uart_nrfx_uarte.c.obj)
 .text.uarte_nrfx_err_check
                0x000000000000ea14        0xe zephyr/drivers/serial/libdrivers__serial.a(uart_nrfx_uarte.c.obj)
 .text.tx_start
                0x000000000000ea22       0x50 zephyr/drivers/serial/libdrivers__serial.a(uart_nrfx_uarte.c.obj)
 .text.user_callback
                0x000000000000ea72        0xe zephyr/drivers/serial/libdrivers__serial.a(uart_nrfx_uarte.c.obj)
 .text.notify_uart_rx_rdy
                0x000000000000ea80       0x32 zephyr/drivers/serial/libdrivers__serial.a(uart_nrfx_uarte.c.obj)
 .text.rx_buf_release
                0x000000000000eab2       0x30 zephyr/drivers/serial/libdrivers__serial.a(uart_nrfx_uarte.c.obj)
 .text.notify_rx_disable
                0x000000000000eae2       0x22 zephyr/drivers/serial/libdrivers__serial.a(uart_nrfx_uarte.c.obj)
 .text.uarte_nrfx_rx_buf_rsp
                0x000000000000eb04       0x52 zephyr/drivers/serial/libdrivers__serial.a(uart_nrfx_uarte.c.obj)
 .text.uarte_nrfx_callback_set
                0x000000000000eb56       0x16 zephyr/drivers/serial/libdrivers__serial.a(uart_nrfx_uarte.c.obj)
 .text.uarte_nrfx_poll_in
                0x000000000000eb6c       0x32 zephyr/drivers/serial/libdrivers__serial.a(uart_nrfx_uarte.c.obj)
 .text.uarte_nrfx_rx_disable
                0x000000000000eb9e       0x4a zephyr/drivers/serial/libdrivers__serial.a(uart_nrfx_uarte.c.obj)
 .text.setup_tx_cache
                0x000000000000ebe8       0x30 zephyr/drivers/serial/libdrivers__serial.a(uart_nrfx_uarte.c.obj)
 .text.rx_flush.isra.0
                0x000000000000ec18       0x6a zephyr/drivers/serial/libdrivers__serial.a(uart_nrfx_uarte.c.obj)
 .text.async_uart_release
                0x000000000000ec82       0x54 zephyr/drivers/serial/libdrivers__serial.a(uart_nrfx_uarte.c.obj)
 .text.is_tx_ready.isra.0
                0x000000000000ecd6       0x20 zephyr/drivers/serial/libdrivers__serial.a(uart_nrfx_uarte.c.obj)
 .text.start_tx_locked
                0x000000000000ecf6       0x36 zephyr/drivers/serial/libdrivers__serial.a(uart_nrfx_uarte.c.obj)
 .text.uarte_nrfx_rx_enable
                0x000000000000ed2c      0x11c zephyr/drivers/serial/libdrivers__serial.a(uart_nrfx_uarte.c.obj)
 .text.rx_timeout
                0x000000000000ee48       0xa6 zephyr/drivers/serial/libdrivers__serial.a(uart_nrfx_uarte.c.obj)
 .text.uarte_nrfx_tx_abort
                0x000000000000eeee       0x2a zephyr/drivers/serial/libdrivers__serial.a(uart_nrfx_uarte.c.obj)
 .text.tx_timeout
                0x000000000000ef18        0x8 zephyr/drivers/serial/libdrivers__serial.a(uart_nrfx_uarte.c.obj)
 .text.sys_clock_idle_exit
                0x000000000000ef20        0x2 zephyr/drivers/timer/libdrivers__timer.a(sys_clock_init.c.obj)
                0x000000000000ef20                sys_clock_idle_exit
 .text.event_clear
                0x000000000000ef22       0x18 zephyr/drivers/timer/libdrivers__timer.a(nrf_rtc_timer.c.obj)
 .text.nrf_modem_os_busywait
                0x000000000000ef3a        0x4 modules/nrf/lib/nrf_modem_lib/lib..__nrf__lib__nrf_modem_lib.a(nrf_modem_os.c.obj)
                0x000000000000ef3a                nrf_modem_os_busywait
 .text.nrf_modem_os_errno_set
                0x000000000000ef3e        0xc modules/nrf/lib/nrf_modem_lib/lib..__nrf__lib__nrf_modem_lib.a(nrf_modem_os.c.obj)
                0x000000000000ef3e                nrf_modem_os_errno_set
 .text.nrf_modem_os_is_in_isr
                0x000000000000ef4a        0x4 modules/nrf/lib/nrf_modem_lib/lib..__nrf__lib__nrf_modem_lib.a(nrf_modem_os.c.obj)
                0x000000000000ef4a                nrf_modem_os_is_in_isr
 .text.nrf_modem_os_sem_give
                0x000000000000ef4e        0x4 modules/nrf/lib/nrf_modem_lib/lib..__nrf__lib__nrf_modem_lib.a(nrf_modem_os.c.obj)
                0x000000000000ef4e                nrf_modem_os_sem_give
 .text.nrf_modem_os_sem_take
                0x000000000000ef52       0x40 modules/nrf/lib/nrf_modem_lib/lib..__nrf__lib__nrf_modem_lib.a(nrf_modem_os.c.obj)
                0x000000000000ef52                nrf_modem_os_sem_take
 .text.k_sys_fatal_error_handler
                0x000000000000ef92        0x8 modules/nrf/lib/fatal_error/lib..__nrf__lib__fatal_error.a(fatal_error.c.obj)
                0x000000000000ef92                k_sys_fatal_error_handler
 .text.ns_interface_init
                0x000000000000ef9a        0x4 modules/trusted-firmware-m/libtfm_api.a(interface.c.obj)
 .text.psa_crypto_init
                0x000000000000ef9e        0x4 modules/trusted-firmware-m/libtfm_api.a(tfm_crypto_api.c.obj)
                0x000000000000ef9e                psa_crypto_init
 .text.SystemInit
                0x000000000000efa2        0x2 modules/hal_nordic/nrfx/libmodules__hal_nordic__nrfx.a(system_nrf91.c.obj)
                0x000000000000efa2                SystemInit
 .text.nrfx_isr
                0x000000000000efa4        0x2 modules/hal_nordic/nrfx/libmodules__hal_nordic__nrfx.a(nrfx_glue.c.obj)
                0x000000000000efa4                nrfx_isr
 .text.nrfx_busy_wait
                0x000000000000efa6        0x4 modules/hal_nordic/nrfx/libmodules__hal_nordic__nrfx.a(nrfx_glue.c.obj)
                0x000000000000efa6                nrfx_busy_wait
 .text.nrfx_clock_stop
                0x000000000000efaa        0x4 modules/hal_nordic/nrfx/libmodules__hal_nordic__nrfx.a(nrfx_clock.c.obj)
                0x000000000000efaa                nrfx_clock_stop
 .text.rpc_handle_ctrl_message
                0x000000000000efae       0x30 /Users/kafechew/Nordic/ncs/nrfxlib/nrf_modem/lib/cortex-m33/soft-float/libmodem.a(rpc_framework.c.obj)
                0x000000000000efae                rpc_handle_ctrl_message
 .text.rpc_list_preambles_init
                0x000000000000efde       0x20 /Users/kafechew/Nordic/ncs/nrfxlib/nrf_modem/lib/cortex-m33/soft-float/libmodem.a(rpc_transport_ipc.c.obj)
 .text.rpc_transport_ipc_data_rx_resume
                0x000000000000effe        0x6 /Users/kafechew/Nordic/ncs/nrfxlib/nrf_modem/lib/cortex-m33/soft-float/libmodem.a(rpc_transport_ipc.c.obj)
 .text.rpc_transport_ipc_data_rx_suspend
                0x000000000000f004        0x6 /Users/kafechew/Nordic/ncs/nrfxlib/nrf_modem/lib/cortex-m33/soft-float/libmodem.a(rpc_transport_ipc.c.obj)
 .text.rpc_transport_ipc_shutdown
                0x000000000000f00a        0x4 /Users/kafechew/Nordic/ncs/nrfxlib/nrf_modem/lib/cortex-m33/soft-float/libmodem.a(rpc_transport_ipc.c.obj)
 .text.rpc_transport_ipc_msg_alloc
                0x000000000000f00e       0x4a /Users/kafechew/Nordic/ncs/nrfxlib/nrf_modem/lib/cortex-m33/soft-float/libmodem.a(rpc_transport_ipc.c.obj)
 .text.rpc_client_msg_from_rpc_msg_get
                0x000000000000f058        0x4 /Users/kafechew/Nordic/ncs/nrfxlib/nrf_modem/lib/cortex-m33/soft-float/libmodem.a(rpc_client.c.obj)
                0x000000000000f058                rpc_client_msg_from_rpc_msg_get
 .text.rpc_client_msg_alloc
                0x000000000000f05c       0x38 /Users/kafechew/Nordic/ncs/nrfxlib/nrf_modem/lib/cortex-m33/soft-float/libmodem.a(rpc_client.c.obj)
                0x000000000000f05c                rpc_client_msg_alloc
 .text.rpc_client_msg_send
                0x000000000000f094        0xe /Users/kafechew/Nordic/ncs/nrfxlib/nrf_modem/lib/cortex-m33/soft-float/libmodem.a(rpc_client.c.obj)
                0x000000000000f094                rpc_client_msg_send
 .text.rpc_client_msg_rx_free
                0x000000000000f0a2        0x6 /Users/kafechew/Nordic/ncs/nrfxlib/nrf_modem/lib/cortex-m33/soft-float/libmodem.a(rpc_client.c.obj)
                0x000000000000f0a2                rpc_client_msg_rx_free
 .text.rpc_client_msg_data_rx_free
                0x000000000000f0a8        0x4 /Users/kafechew/Nordic/ncs/nrfxlib/nrf_modem/lib/cortex-m33/soft-float/libmodem.a(rpc_client.c.obj)
                0x000000000000f0a8                rpc_client_msg_data_rx_free
 .text.rpc_client_msg_data_tx_alloc
                0x000000000000f0ac        0x4 /Users/kafechew/Nordic/ncs/nrfxlib/nrf_modem/lib/cortex-m33/soft-float/libmodem.a(rpc_client.c.obj)
                0x000000000000f0ac                rpc_client_msg_data_tx_alloc
 .text.rpc_client_msg_data_tx_free
                0x000000000000f0b0       0x10 /Users/kafechew/Nordic/ncs/nrfxlib/nrf_modem/lib/cortex-m33/soft-float/libmodem.a(rpc_client.c.obj)
                0x000000000000f0b0                rpc_client_msg_data_tx_free
 .text.sockaddr_init
                0x000000000000f0c0       0x72 /Users/kafechew/Nordic/ncs/nrfxlib/nrf_modem/lib/cortex-m33/soft-float/libmodem.a(addr.c.obj)
                0x000000000000f0c0                sockaddr_init
 .text.sock_pollcb
                0x000000000000f132       0x30 /Users/kafechew/Nordic/ncs/nrfxlib/nrf_modem/lib/cortex-m33/soft-float/libmodem.a(sock.c.obj)
                0x000000000000f132                sock_pollcb
 .text.sock_pkt_append
                0x000000000000f162       0x14 /Users/kafechew/Nordic/ncs/nrfxlib/nrf_modem/lib/cortex-m33/soft-float/libmodem.a(sock.c.obj)
                0x000000000000f162                sock_pkt_append
 .text.sock_is_stream
                0x000000000000f176        0xa /Users/kafechew/Nordic/ncs/nrfxlib/nrf_modem/lib/cortex-m33/soft-float/libmodem.a(sock.c.obj)
                0x000000000000f176                sock_is_stream
 .text.sock_is_datagram
                0x000000000000f180        0xa /Users/kafechew/Nordic/ncs/nrfxlib/nrf_modem/lib/cortex-m33/soft-float/libmodem.a(sock.c.obj)
                0x000000000000f180                sock_is_datagram
 .text.sock_proto_is_secure
                0x000000000000f18a       0x18 /Users/kafechew/Nordic/ncs/nrfxlib/nrf_modem/lib/cortex-m33/soft-float/libmodem.a(sock.c.obj)
                0x000000000000f18a                sock_proto_is_secure
 .text.sock_is_attaching
                0x000000000000f1a2        0x8 /Users/kafechew/Nordic/ncs/nrfxlib/nrf_modem/lib/cortex-m33/soft-float/libmodem.a(sock.c.obj)
                0x000000000000f1a2                sock_is_attaching
 .text.sock_is_nonblock
                0x000000000000f1aa        0x8 /Users/kafechew/Nordic/ncs/nrfxlib/nrf_modem/lib/cortex-m33/soft-float/libmodem.a(sock.c.obj)
                0x000000000000f1aa                sock_is_nonblock
 .text.sock_is_local_closed
                0x000000000000f1b2        0x8 /Users/kafechew/Nordic/ncs/nrfxlib/nrf_modem/lib/cortex-m33/soft-float/libmodem.a(sock.c.obj)
                0x000000000000f1b2                sock_is_local_closed
 .text.sock_is_eof
                0x000000000000f1ba       0x16 /Users/kafechew/Nordic/ncs/nrfxlib/nrf_modem/lib/cortex-m33/soft-float/libmodem.a(sock.c.obj)
                0x000000000000f1ba                sock_is_eof
 .text.sock_has_stream_error
                0x000000000000f1d0        0x6 /Users/kafechew/Nordic/ncs/nrfxlib/nrf_modem/lib/cortex-m33/soft-float/libmodem.a(sock.c.obj)
                0x000000000000f1d0                sock_has_stream_error
 .text.sock_has_error
                0x000000000000f1d6        0xe /Users/kafechew/Nordic/ncs/nrfxlib/nrf_modem/lib/cortex-m33/soft-float/libmodem.a(sock.c.obj)
                0x000000000000f1d6                sock_has_error
 .text.sock_has_pollcb
                0x000000000000f1e4        0xa /Users/kafechew/Nordic/ncs/nrfxlib/nrf_modem/lib/cortex-m33/soft-float/libmodem.a(sock.c.obj)
                0x000000000000f1e4                sock_has_pollcb
 .text.sock_can_read
                0x000000000000f1ee        0xa /Users/kafechew/Nordic/ncs/nrfxlib/nrf_modem/lib/cortex-m33/soft-float/libmodem.a(sock.c.obj)
                0x000000000000f1ee                sock_can_read
 .text.sock_can_accept
                0x000000000000f1f8        0xa /Users/kafechew/Nordic/ncs/nrfxlib/nrf_modem/lib/cortex-m33/soft-float/libmodem.a(sock.c.obj)
                0x000000000000f1f8                sock_can_accept
 .text.sock_can_send
                0x000000000000f202       0x3c /Users/kafechew/Nordic/ncs/nrfxlib/nrf_modem/lib/cortex-m33/soft-float/libmodem.a(sock.c.obj)
                0x000000000000f202                sock_can_send
 .text.on_conf_dnssrv_res
                0x000000000000f23e        0x4 /Users/kafechew/Nordic/ncs/nrfxlib/nrf_modem/lib/cortex-m33/soft-float/libmodem.a(dns.c.obj)
                0x000000000000f23e                on_conf_dnssrv_res
 .text.on_getifaddrs_res
                0x000000000000f242        0x4 /Users/kafechew/Nordic/ncs/nrfxlib/nrf_modem/lib/cortex-m33/soft-float/libmodem.a(ifaddrs.c.obj)
                0x000000000000f242                on_getifaddrs_res
 .text.nrf_poll_one
                0x000000000000f246       0x92 /Users/kafechew/Nordic/ncs/nrfxlib/nrf_modem/lib/cortex-m33/soft-float/libmodem.a(poll.c.obj)
                0x000000000000f246                nrf_poll_one
 .text.res_cookie_get
                0x000000000000f2d8        0x4 /Users/kafechew/Nordic/ncs/nrfxlib/nrf_modem/lib/cortex-m33/soft-float/libmodem.a(reqres.c.obj)
                0x000000000000f2d8                res_cookie_get
 .text.res_forward
                0x000000000000f2dc        0x8 /Users/kafechew/Nordic/ncs/nrfxlib/nrf_modem/lib/cortex-m33/soft-float/libmodem.a(reqres.c.obj)
                0x000000000000f2dc                res_forward
 .text.rpc_dfu_event_handler
                0x000000000000f2e4       0x16 /Users/kafechew/Nordic/ncs/nrfxlib/nrf_modem/lib/cortex-m33/soft-float/libmodem.a(nrf_modem_delta_dfu.c.obj)
                0x000000000000f2e4                rpc_dfu_event_handler
 .text.nrf_modem_is_initialized
                0x000000000000f2fa        0x4 /Users/kafechew/Nordic/ncs/nrfxlib/nrf_modem/lib/cortex-m33/soft-float/libmodem.a(nrf_modem.c.obj)
                0x000000000000f2fa                nrf_modem_is_initialized
 .text.z_device_state_init
                0x000000000000f2fe        0x2 zephyr/kernel/libkernel.a(device.c.obj)
                0x000000000000f2fe                z_device_state_init
 .text.z_device_is_ready
                0x000000000000f300       0x16 zephyr/kernel/libkernel.a(device.c.obj)
                0x000000000000f300                z_device_is_ready
 .text.z_fatal_error
                0x000000000000f316       0x36 zephyr/kernel/libkernel.a(fatal.c.obj)
                0x000000000000f316                z_fatal_error
 .text.z_early_memset
                0x000000000000f34c        0x4 zephyr/kernel/libkernel.a(init.c.obj)
                0x000000000000f34c                z_early_memset
 .text.z_early_memcpy
                0x000000000000f350        0x4 zephyr/kernel/libkernel.a(init.c.obj)
                0x000000000000f350                z_early_memcpy
 .text.k_heap_init
                0x000000000000f354       0x10 zephyr/kernel/libkernel.a(kheap.c.obj)
                0x000000000000f354                k_heap_init
 .text.k_heap_aligned_alloc
                0x000000000000f364       0x9a zephyr/kernel/libkernel.a(kheap.c.obj)
                0x000000000000f364                k_heap_aligned_alloc
 .text.k_heap_alloc
                0x000000000000f3fe       0x14 zephyr/kernel/libkernel.a(kheap.c.obj)
                0x000000000000f3fe                k_heap_alloc
 .text.k_heap_free
                0x000000000000f412       0x3a zephyr/kernel/libkernel.a(kheap.c.obj)
                0x000000000000f412                k_heap_free
 .text.k_is_in_isr
                0x000000000000f44c        0xc zephyr/kernel/libkernel.a(thread.c.obj)
                0x000000000000f44c                k_is_in_isr
 .text.z_pm_save_idle_exit
                0x000000000000f458        0xe zephyr/kernel/libkernel.a(idle.c.obj)
                0x000000000000f458                z_pm_save_idle_exit
 .text.adjust_owner_prio.isra.0
                0x000000000000f466       0x10 zephyr/kernel/libkernel.a(mutex.c.obj)
 .text.z_impl_k_sem_init
                0x000000000000f476       0x18 zephyr/kernel/libkernel.a(sem.c.obj)
                0x000000000000f476                z_impl_k_sem_init
 .text.sys_dlist_remove
                0x000000000000f48e       0x10 zephyr/kernel/libkernel.a(sched.c.obj)
 .text.unpend_thread_no_timeout
                0x000000000000f49e       0x14 zephyr/kernel/libkernel.a(sched.c.obj)
 .text.add_to_waitq_locked
                0x000000000000f4b2       0x50 zephyr/kernel/libkernel.a(sched.c.obj)
 .text.z_ready_thread
                0x000000000000f502       0x20 zephyr/kernel/libkernel.a(sched.c.obj)
                0x000000000000f502                z_ready_thread
 .text.z_unpend_thread_no_timeout
                0x000000000000f522       0x24 zephyr/kernel/libkernel.a(sched.c.obj)
                0x000000000000f522                z_unpend_thread_no_timeout
 .text.z_sched_wake_thread
                0x000000000000f546       0x44 zephyr/kernel/libkernel.a(sched.c.obj)
                0x000000000000f546                z_sched_wake_thread
 .text.z_thread_timeout
                0x000000000000f58a        0x8 zephyr/kernel/libkernel.a(sched.c.obj)
                0x000000000000f58a                z_thread_timeout
 .text.z_unpend1_no_timeout
                0x000000000000f592       0x2e zephyr/kernel/libkernel.a(sched.c.obj)
                0x000000000000f592                z_unpend1_no_timeout
 .text.z_unpend_first_thread
                0x000000000000f5c0       0x38 zephyr/kernel/libkernel.a(sched.c.obj)
                0x000000000000f5c0                z_unpend_first_thread
 .text.z_unpend_thread
                0x000000000000f5f8       0x30 zephyr/kernel/libkernel.a(sched.c.obj)
                0x000000000000f5f8                z_unpend_thread
 .text.z_reschedule_irqlock
                0x000000000000f628       0x18 zephyr/kernel/libkernel.a(sched.c.obj)
                0x000000000000f628                z_reschedule_irqlock
 .text.z_reschedule_unlocked
                0x000000000000f640       0x14 zephyr/kernel/libkernel.a(sched.c.obj)
 .text.z_unpend_all
                0x000000000000f654       0x20 zephyr/kernel/libkernel.a(sched.c.obj)
                0x000000000000f654                z_unpend_all
 .text.z_abort_timeout
                0x000000000000f674       0x2c zephyr/kernel/libkernel.a(timeout.c.obj)
                0x000000000000f674                z_abort_timeout
 .text.z_get_next_timeout_expiry
                0x000000000000f6a0       0x20 zephyr/kernel/libkernel.a(timeout.c.obj)
                0x000000000000f6a0                z_get_next_timeout_expiry
 .text.sys_clock_tick_get_32
                0x000000000000f6c0        0x8 zephyr/kernel/libkernel.a(timeout.c.obj)
                0x000000000000f6c0                sys_clock_tick_get_32
 .text.z_impl_k_uptime_ticks
                0x000000000000f6c8        0x4 zephyr/kernel/libkernel.a(timeout.c.obj)
                0x000000000000f6c8                z_impl_k_uptime_ticks
 .text.z_impl_k_busy_wait
                0x000000000000f6cc        0x8 zephyr/kernel/libkernel.a(timeout.c.obj)
                0x000000000000f6cc                z_impl_k_busy_wait
 .text.sys_clock_timeout_end_calc
                0x000000000000f6d4       0x44 zephyr/kernel/libkernel.a(timeout.c.obj)
                0x000000000000f6d4                sys_clock_timeout_end_calc
 .text.k_timer_init
                0x000000000000f718       0x18 zephyr/kernel/libkernel.a(timer.c.obj)
                0x000000000000f718                k_timer_init
 .text.z_impl_k_timer_stop
                0x000000000000f730       0x3a zephyr/kernel/libkernel.a(timer.c.obj)
                0x000000000000f730                z_impl_k_timer_stop
 .text.memcpy   0x000000000000f76a       0x1a /Users/kafechew/zephyr-sdk-0.16.0/arm-zephyr-eabi/arm-zephyr-eabi/lib/thumb/v8-m.main/nofp/libc_nano.a(lib_a-memcpy-stub.o)
                0x000000000000f76a                memcpy
 .text.memset   0x000000000000f784       0x10 /Users/kafechew/zephyr-sdk-0.16.0/arm-zephyr-eabi/arm-zephyr-eabi/lib/thumb/v8-m.main/nofp/libc_nano.a(lib_a-memset.o)
                0x000000000000f784                memset
 .text.strncpy  0x000000000000f794       0x26 /Users/kafechew/zephyr-sdk-0.16.0/arm-zephyr-eabi/arm-zephyr-eabi/lib/thumb/v8-m.main/nofp/libc_nano.a(lib_a-strncpy.o)
                0x000000000000f794                strncpy
 .text.strnlen  0x000000000000f7ba       0x18 /Users/kafechew/zephyr-sdk-0.16.0/arm-zephyr-eabi/arm-zephyr-eabi/lib/thumb/v8-m.main/nofp/libc_nano.a(lib_a-strnlen.o)
                0x000000000000f7ba                strnlen
 .text.strstr   0x000000000000f7d2       0x2c /Users/kafechew/zephyr-sdk-0.16.0/arm-zephyr-eabi/arm-zephyr-eabi/lib/thumb/v8-m.main/nofp/libc_nano.a(lib_a-strstr.o)
                0x000000000000f7d2                strstr
 .text._vsnprintf_r
                0x000000000000f7fe       0x56 /Users/kafechew/zephyr-sdk-0.16.0/arm-zephyr-eabi/arm-zephyr-eabi/lib/thumb/v8-m.main/nofp/libc_nano.a(lib_a-vsnprintf.o)
                0x000000000000f7fe                _vsnprintf_r
                0x000000000000f7fe                _vsniprintf_r
 .text.__ssputs_r
                0x000000000000f854       0xb6 /Users/kafechew/zephyr-sdk-0.16.0/arm-zephyr-eabi/arm-zephyr-eabi/lib/thumb/v8-m.main/nofp/libc_nano.a(lib_a-nano-svfprintf.o)
                0x000000000000f854                __ssputs_r
 .text._printf_common
                0x000000000000f90a       0xe4 /Users/kafechew/zephyr-sdk-0.16.0/arm-zephyr-eabi/arm-zephyr-eabi/lib/thumb/v8-m.main/nofp/libc_nano.a(lib_a-nano-vfprintf_i.o)
                0x000000000000f90a                _printf_common
 .text.memchr   0x000000000000f9ee       0x1c /Users/kafechew/zephyr-sdk-0.16.0/arm-zephyr-eabi/arm-zephyr-eabi/lib/thumb/v8-m.main/nofp/libc_nano.a(lib_a-memchr-stub.o)
                0x000000000000f9ee                memchr
 .text.memmove  0x000000000000fa0a       0x34 /Users/kafechew/zephyr-sdk-0.16.0/arm-zephyr-eabi/arm-zephyr-eabi/lib/thumb/v8-m.main/nofp/libc_nano.a(lib_a-memmove.o)
                0x000000000000fa0a                memmove
 .text._realloc_r
                0x000000000000fa3e       0x4a /Users/kafechew/zephyr-sdk-0.16.0/arm-zephyr-eabi/arm-zephyr-eabi/lib/thumb/v8-m.main/nofp/libc_nano.a(lib_a-nano-reallocr.o)
                0x000000000000fa3e                _realloc_r
 .text._malloc_usable_size_r
                0x000000000000fa88       0x10 /Users/kafechew/zephyr-sdk-0.16.0/arm-zephyr-eabi/arm-zephyr-eabi/lib/thumb/v8-m.main/nofp/libc_nano.a(lib_a-nano-msizer.o)
                0x000000000000fa88                _malloc_usable_size_r
 *(SORT_BY_ALIGNMENT(.TEXT.*))
 *(SORT_BY_ALIGNMENT(.gnu.linkonce.t.*))
 *(SORT_BY_ALIGNMENT(.glue_7t))
 .glue_7t       0x000000000000fa98        0x0 linker stubs
 *(SORT_BY_ALIGNMENT(.glue_7))
 .glue_7        0x000000000000fa98        0x0 linker stubs
 *(SORT_BY_ALIGNMENT(.vfp11_veneer))
 .vfp11_veneer  0x000000000000fa98        0x0 linker stubs
 *(SORT_BY_ALIGNMENT(.v4_bx))
 .v4_bx         0x000000000000fa98        0x0 linker stubs
                0x000000000000fa98                . = ALIGN (0x4)
                0x000000000000fa98                __text_region_end = .

.ARM.exidx      0x000000000000fa98        0x8
                0x000000000000fa98                __exidx_start = .
 *(SORT_BY_ALIGNMENT(.ARM.exidx*) SORT_BY_ALIGNMENT(gnu.linkonce.armexidx.*))
 .ARM.exidx     0x000000000000fa98        0x8 /Users/kafechew/zephyr-sdk-0.16.0/arm-zephyr-eabi/bin/../lib/gcc/arm-zephyr-eabi/12.2.0/thumb/v8-m.main/nofp/libgcc.a(_udivmoddi4.o)
                0x000000000000faa0                __exidx_end = .
                0x000000000000faa0                __rodata_region_start = .

initlevel       0x000000000000faa0       0x58
                0x000000000000faa0                __init_start = .
                0x000000000000faa0                __init_EARLY_start = .
 *(SORT_BY_NAME(SORT_BY_ALIGNMENT(.z_init_EARLY[0-9]_*)))
 *(SORT_BY_NAME(SORT_BY_ALIGNMENT(.z_init_EARLY[1-9][0-9]_*)))
                0x000000000000faa0                __init_PRE_KERNEL_1_start = .
 *(SORT_BY_NAME(SORT_BY_ALIGNMENT(.z_init_PRE_KERNEL_1[0-9]_*)))
 .z_init_PRE_KERNEL_10_
                0x000000000000faa0        0x8 zephyr/libzephyr.a(soc.c.obj)
 *(SORT_BY_NAME(SORT_BY_ALIGNMENT(.z_init_PRE_KERNEL_1[1-9][0-9]_*)))
 .z_init_PRE_KERNEL_130_
                0x000000000000faa8        0x8 zephyr/drivers/clock_control/libdrivers__clock_control.a(clock_control_nrf.c.obj)
 .z_init_PRE_KERNEL_130_
                0x000000000000fab0        0x8 zephyr/kernel/libkernel.a(kheap.c.obj)
 .z_init_PRE_KERNEL_140_
                0x000000000000fab8        0x8 zephyr/drivers/gpio/libdrivers__gpio.a(gpio_nrfx.c.obj)
 .z_init_PRE_KERNEL_150_
                0x000000000000fac0        0x8 zephyr/drivers/entropy/libdrivers__entropy.a(entropy_psa_crypto.c.obj)
 .z_init_PRE_KERNEL_155_
                0x000000000000fac8        0x8 zephyr/drivers/serial/libdrivers__serial.a(uart_nrfx_uarte.c.obj)
 .z_init_PRE_KERNEL_160_
                0x000000000000fad0        0x8 zephyr/drivers/console/libdrivers__console.a(uart_console.c.obj)
                0x000000000000fad8                __init_PRE_KERNEL_2_start = .
 *(SORT_BY_NAME(SORT_BY_ALIGNMENT(.z_init_PRE_KERNEL_2[0-9]_*)))
 .z_init_PRE_KERNEL_20_
                0x000000000000fad8        0x8 zephyr/drivers/timer/libdrivers__timer.a(nrf_rtc_timer.c.obj)
 *(SORT_BY_NAME(SORT_BY_ALIGNMENT(.z_init_PRE_KERNEL_2[1-9][0-9]_*)))
                0x000000000000fae0                __init_POST_KERNEL_start = .
 *(SORT_BY_NAME(SORT_BY_ALIGNMENT(.z_init_POST_KERNEL[0-9]_*)))
 .z_init_POST_KERNEL0_
                0x000000000000fae0        0x8 modules/nrf/lib/nrf_modem_lib/lib..__nrf__lib__nrf_modem_lib.a(nrf_modem_os.c.obj)
 *(SORT_BY_NAME(SORT_BY_ALIGNMENT(.z_init_POST_KERNEL[1-9][0-9]_*)))
 .z_init_POST_KERNEL40_
                0x000000000000fae8        0x8 zephyr/lib/libc/newlib/liblib__libc__newlib.a(libc-hooks.c.obj)
 .z_init_POST_KERNEL40_
                0x000000000000faf0        0x8 modules/trusted-firmware-m/libtfm_api.a(interface.c.obj)
                0x000000000000faf8                __init_APPLICATION_start = .
 *(SORT_BY_NAME(SORT_BY_ALIGNMENT(.z_init_APPLICATION[0-9]_*)))
 *(SORT_BY_NAME(SORT_BY_ALIGNMENT(.z_init_APPLICATION[1-9][0-9]_*)))
                0x000000000000faf8                __init_SMP_start = .
 *(SORT_BY_NAME(SORT_BY_ALIGNMENT(.z_init_SMP[0-9]_*)))
 *(SORT_BY_NAME(SORT_BY_ALIGNMENT(.z_init_SMP[1-9][0-9]_*)))
                0x000000000000faf8                __init_end = .

devices         0x000000000000faf8       0x60
                0x000000000000faf8                __device_start = .
                0x000000000000faf8                __device_EARLY_start = .
 *(SORT_BY_NAME(SORT_BY_ALIGNMENT(.z_device_EARLY[0-9]_*)))
 *(SORT_BY_NAME(SORT_BY_ALIGNMENT(.z_device_EARLY[1-9][0-9]_*)))
                0x000000000000faf8                __device_PRE_KERNEL_1_start = .
 *(SORT_BY_NAME(SORT_BY_ALIGNMENT(.z_device_PRE_KERNEL_1[0-9]_*)))
 *(SORT_BY_NAME(SORT_BY_ALIGNMENT(.z_device_PRE_KERNEL_1[1-9][0-9]_*)))
 .z_device_PRE_KERNEL_130_
                0x000000000000faf8       0x18 zephyr/drivers/clock_control/libdrivers__clock_control.a(clock_control_nrf.c.obj)
                0x000000000000faf8                __device_dts_ord_64
 .z_device_PRE_KERNEL_140_
                0x000000000000fb10       0x18 zephyr/drivers/gpio/libdrivers__gpio.a(gpio_nrfx.c.obj)
                0x000000000000fb10                __device_dts_ord_9
 .z_device_PRE_KERNEL_150_
                0x000000000000fb28       0x18 zephyr/drivers/entropy/libdrivers__entropy.a(entropy_psa_crypto.c.obj)
                0x000000000000fb28                __device_dts_ord_11
 .z_device_PRE_KERNEL_155_
                0x000000000000fb40       0x18 zephyr/drivers/serial/libdrivers__serial.a(uart_nrfx_uarte.c.obj)
                0x000000000000fb40                __device_dts_ord_93
                0x000000000000fb58                __device_PRE_KERNEL_2_start = .
 *(SORT_BY_NAME(SORT_BY_ALIGNMENT(.z_device_PRE_KERNEL_2[0-9]_*)))
 *(SORT_BY_NAME(SORT_BY_ALIGNMENT(.z_device_PRE_KERNEL_2[1-9][0-9]_*)))
                0x000000000000fb58                __device_POST_KERNEL_start = .
 *(SORT_BY_NAME(SORT_BY_ALIGNMENT(.z_device_POST_KERNEL[0-9]_*)))
 *(SORT_BY_NAME(SORT_BY_ALIGNMENT(.z_device_POST_KERNEL[1-9][0-9]_*)))
                0x000000000000fb58                __device_APPLICATION_start = .
 *(SORT_BY_NAME(SORT_BY_ALIGNMENT(.z_device_APPLICATION[0-9]_*)))
 *(SORT_BY_NAME(SORT_BY_ALIGNMENT(.z_device_APPLICATION[1-9][0-9]_*)))
                0x000000000000fb58                __device_SMP_start = .
 *(SORT_BY_NAME(SORT_BY_ALIGNMENT(.z_device_SMP[0-9]_*)))
 *(SORT_BY_NAME(SORT_BY_ALIGNMENT(.z_device_SMP[1-9][0-9]_*)))
                0x000000000000fb58                __device_end = .

sw_isr_table    0x000000000000fb58      0x208
                0x000000000000fb58                . = ALIGN (0x4)
 *(SORT_BY_ALIGNMENT(.gnu.linkonce.sw_isr_table*))
 .gnu.linkonce.sw_isr_table
                0x000000000000fb58      0x208 zephyr/arch/common/libisr_tables.a(isr_tables.c.obj)
                0x000000000000fb58                _sw_isr_table

initlevel_error
                0x000000000000faa0        0x0
 *(SORT_BY_NAME(SORT_BY_ALIGNMENT(.z_init_[_A-Z0-9]*)))
                0x0000000000000001                ASSERT ((SIZEOF (initlevel_error) == 0x0), Undefined initialization levels used.)

app_shmem_regions
                0x000000000000fd60        0x0
                0x000000000000fd60                __app_shmem_regions_start = .
 *(SORT_BY_NAME(SORT_BY_ALIGNMENT(.app_regions.*)))
                0x000000000000fd60                __app_shmem_regions_end = .

k_p4wq_initparam_area
                0x000000000000fd60        0x0
                0x000000000000fd60                _k_p4wq_initparam_list_start = .
 *(SORT_BY_NAME(SORT_BY_ALIGNMENT(._k_p4wq_initparam.static.*)))
                0x000000000000fd60                _k_p4wq_initparam_list_end = .

_static_thread_data_area
                0x000000000000fd60        0x0
                0x000000000000fd60                __static_thread_data_list_start = .
 *(SORT_BY_NAME(SORT_BY_ALIGNMENT(.__static_thread_data.static.*)))
                0x000000000000fd60                __static_thread_data_list_end = .

device_handles  0x000000000000fd60       0x18
                0x000000000000fd60                __device_handles_start = .
 *(SORT_BY_NAME(SORT_BY_ALIGNMENT(.__device_handles_pass2*)))
 .__device_handles_pass2
                0x000000000000fd60       0x18 zephyr/CMakeFiles/zephyr_pre1.dir/dev_handles.c.obj
                0x000000000000fd60                __devicehdl_dts_ord_93
                0x000000000000fd66                __devicehdl_dts_ord_11
                0x000000000000fd6c                __devicehdl_dts_ord_9
                0x000000000000fd72                __devicehdl_dts_ord_64
                0x000000000000fd78                __device_handles_end = .

ztest           0x000000000000fd78        0x0
                0x000000000000fd78                _ztest_expected_result_entry_list_start = .
 *(SORT_BY_NAME(SORT_BY_ALIGNMENT(._ztest_expected_result_entry.static.*)))
                0x000000000000fd78                _ztest_expected_result_entry_list_end = .
                0x000000000000fd78                _ztest_suite_node_list_start = .
 *(SORT_BY_NAME(SORT_BY_ALIGNMENT(._ztest_suite_node.static.*)))
                0x000000000000fd78                _ztest_suite_node_list_end = .
                0x000000000000fd78                _ztest_unit_test_list_start = .
 *(SORT_BY_NAME(SORT_BY_ALIGNMENT(._ztest_unit_test.static.*)))
                0x000000000000fd78                _ztest_unit_test_list_end = .
                0x000000000000fd78                _ztest_test_rule_list_start = .
 *(SORT_BY_NAME(SORT_BY_ALIGNMENT(._ztest_test_rule.static.*)))
                0x000000000000fd78                _ztest_test_rule_list_end = .

bt_l2cap_fixed_chan_area
                0x000000000000fd78        0x0
                0x000000000000fd78                _bt_l2cap_fixed_chan_list_start = .
 *(SORT_BY_NAME(SORT_BY_ALIGNMENT(._bt_l2cap_fixed_chan.static.*)))
                0x000000000000fd78                _bt_l2cap_fixed_chan_list_end = .

bt_gatt_service_static_area
                0x000000000000fd78        0x0
                0x000000000000fd78                _bt_gatt_service_static_list_start = .
 *(SORT_BY_NAME(SORT_BY_ALIGNMENT(._bt_gatt_service_static.static.*)))
                0x000000000000fd78                _bt_gatt_service_static_list_end = .

log_strings_sections
                0x000000000000fd78        0x0
                0x000000000000fd78                __log_strings_start = .
 *(SORT_BY_NAME(SORT_BY_ALIGNMENT(.log_strings*)))
                0x000000000000fd78                __log_strings_end = .

log_const_sections
                0x000000000000fd78       0x68
                0x000000000000fd78                __log_const_start = .
 *(SORT_BY_NAME(SORT_BY_ALIGNMENT(.log_const_*)))
 .log_const_NRFX_CLOCK
                0x000000000000fd78        0x8 modules/hal_nordic/nrfx/libmodules__hal_nordic__nrfx.a(nrfx_clock.c.obj)
                0x000000000000fd78                log_const_NRFX_CLOCK
 .log_const_NRFX_DPPI
                0x000000000000fd80        0x8 modules/hal_nordic/nrfx/libmodules__hal_nordic__nrfx.a(nrfx_dppi.c.obj)
                0x000000000000fd80                log_const_NRFX_DPPI
 .log_const_NRFX_GPIOTE
                0x000000000000fd88        0x8 modules/hal_nordic/nrfx/libmodules__hal_nordic__nrfx.a(nrfx_gpiote.c.obj)
                0x000000000000fd88                log_const_NRFX_GPIOTE
 .log_const_cbprintf_package
                0x000000000000fd90        0x8 zephyr/libzephyr.a(cbprintf_packaged.c.obj)
                0x000000000000fd90                log_const_cbprintf_package
 .log_const_clock_control
                0x000000000000fd98        0x8 zephyr/drivers/clock_control/libdrivers__clock_control.a(clock_control_nrf.c.obj)
                0x000000000000fd98                log_const_clock_control
 .log_const_fatal_error
                0x000000000000fda0        0x8 modules/nrf/lib/fatal_error/lib..__nrf__lib__fatal_error.a(fatal_error.c.obj)
                0x000000000000fda0                log_const_fatal_error
 .log_const_modem_antenna
                0x000000000000fda8        0x8 modules/nrf/lib/modem_antenna/lib..__nrf__lib__modem_antenna.a(modem_antenna.c.obj)
                0x000000000000fda8                log_const_modem_antenna
 .log_const_mpu
                0x000000000000fdb0        0x8 zephyr/arch/arch/arm/core/aarch32/mpu/libarch__arm__core__aarch32__mpu.a(arm_core_mpu.c.obj)
                0x000000000000fdb0                log_const_mpu
 .log_const_nrf_modem
                0x000000000000fdb8        0x8 modules/nrf/lib/nrf_modem_lib/lib..__nrf__lib__nrf_modem_lib.a(nrf_modem_os.c.obj)
                0x000000000000fdb8                log_const_nrf_modem
 .log_const_os  0x000000000000fdc0        0x8 zephyr/kernel/libkernel.a(init.c.obj)
                0x000000000000fdc0                log_const_os
 .log_const_pm  0x000000000000fdc8        0x8 zephyr/libzephyr.a(pm.c.obj)
                0x000000000000fdc8                log_const_pm
 .log_const_soc
                0x000000000000fdd0        0x8 zephyr/libzephyr.a(soc.c.obj)
                0x000000000000fdd0                log_const_soc
 .log_const_uart_nrfx_uarte
                0x000000000000fdd8        0x8 zephyr/drivers/serial/libdrivers__serial.a(uart_nrfx_uarte.c.obj)
                0x000000000000fdd8                log_const_uart_nrfx_uarte
                0x000000000000fde0                __log_const_end = .

log_backend_area
                0x000000000000fde0        0x0
                0x000000000000fde0                _log_backend_list_start = .
 *(SORT_BY_NAME(SORT_BY_ALIGNMENT(._log_backend.static.*)))
                0x000000000000fde0                _log_backend_list_end = .

log_link_area   0x000000000000fde0        0x0
                0x000000000000fde0                _log_link_list_start = .
 *(SORT_BY_NAME(SORT_BY_ALIGNMENT(._log_link.static.*)))
                0x000000000000fde0                _log_link_list_end = .

tracing_backend_area
                0x000000000000fde0        0x0
                0x000000000000fde0                _tracing_backend_list_start = .
 *(SORT_BY_NAME(SORT_BY_ALIGNMENT(._tracing_backend.static.*)))
                0x000000000000fde0                _tracing_backend_list_end = .

zephyr_dbg_info
 *(SORT_BY_ALIGNMENT(.dbg_thread_info))

symbol_to_keep  0x000000000000fde0        0x0
                0x000000000000fde0                __symbol_to_keep_start = .
 *(SORT_BY_NAME(SORT_BY_ALIGNMENT(.symbol_to_keep*)))
                0x000000000000fde0                __symbol_to_keep_end = .

shell_area      0x000000000000fde0        0x0
                0x000000000000fde0                _shell_list_start = .
 *(SORT_BY_NAME(SORT_BY_ALIGNMENT(._shell.static.*)))
                0x000000000000fde0                _shell_list_end = .

shell_root_cmds_sections
                0x000000000000fde0        0x0
                0x000000000000fde0                __shell_root_cmds_start = .
 *(SORT_BY_NAME(SORT_BY_ALIGNMENT(.shell_root_cmd_*)))
                0x000000000000fde0                __shell_root_cmds_end = .

shell_subcmds_sections
                0x000000000000fde0        0x0
                0x000000000000fde0                __shell_subcmds_start = .
 *(SORT_BY_NAME(SORT_BY_ALIGNMENT(.shell_subcmd_*)))
                0x000000000000fde0                __shell_subcmds_end = .

shell_dynamic_subcmds_sections
                0x000000000000fde0        0x0
                0x000000000000fde0                __shell_dynamic_subcmds_start = .
 *(SORT_BY_NAME(SORT_BY_ALIGNMENT(.shell_dynamic_subcmd_*)))
                0x000000000000fde0                __shell_dynamic_subcmds_end = .

font_entry_sections
                0x000000000000fde0        0x0
                0x000000000000fde0                __font_entry_start = .
 *(SORT_BY_NAME(SORT_BY_ALIGNMENT(._cfb_font.*)))
                0x000000000000fde0                __font_entry_end = .

rodata          0x000000000000fde0      0x670
 *(SORT_BY_ALIGNMENT(.rodata))
 .rodata        0x000000000000fde0        0x2 /Users/kafechew/Nordic/ncs/nrfxlib/nrf_modem/lib/cortex-m33/soft-float/libmodem.a(nrf_modem_at.c.obj)
 *(SORT_BY_ALIGNMENT(.rodata.*))
 *fill*         0x000000000000fde2        0xe 
 .rodata.delay_machine_code.0
                0x000000000000fdf0        0x6 zephyr/libzephyr.a(soc.c.obj)
 *fill*         0x000000000000fdf6        0x2 